Microchip MPLAB XC8 Compiler V2.10 ()

Linker command line:

-W-3 --edf=C:\Program Files (x86)\Microchip\xc8\v2.10\pic\dat\en_msgs.txt \
  -cs -h+dist/default/production\Reloj_con_Rtc.X.production.sym \
  --cmf=dist/default/production\Reloj_con_Rtc.X.production.cmf -z -Q16F877A \
  -oC:\Users\DIEGOM~1\AppData\Local\Temp\s1n0.2 --defsym=__MPLAB_BUILD=1 \
  -Mdist/default/production/Reloj_con_Rtc.X.production.map -E1 -ver=XC8 \
  --acfsm=1493 -ASTACK=0110h-016Fh -pstack=STACK -ACODE=00h-07FFhx4 \
  -ASTRCODE=00h-01FFFh -ASTRING=00h-0FFhx32 -ACONST=00h-0FFhx32 \
  -AENTRY=00h-0FFhx32 -ACOMMON=070h-07Fh -ABANK0=020h-06Fh \
  -ABANK1=0A0h-0EFh -ABANK2=0110h-016Fh -ABANK3=0190h-01EFh \
  -ARAM=020h-06Fh,0A0h-0EFh,0110h-016Fh,0190h-01EFh \
  -AABS1=020h-07Fh,0A0h-0EFh,0110h-016Fh,0190h-01EFh -ASFR0=00h-01Fh \
  -ASFR1=080h-09Fh -ASFR2=0100h-010Fh -ASFR3=0180h-018Fh \
  -preset_vec=00h,intentry,init,end_init -ppowerup=CODE -pcinit=CODE \
  -pfunctab=ENTRY -ACONFIG=02007h-02007h -pconfig=CONFIG -DCONFIG=2 \
  -AIDLOC=02000h-02003h -pidloc=IDLOC -DIDLOC=2 -AEEDATA=00h-0FFh/02100h \
  -peeprom_data=EEDATA -DEEDATA=2 -DCODE=2 -DSTRCODE=2 -DSTRING=2 -DCONST=2 \
  -DENTRY=2 -k C:\Users\DIEGOM~1\AppData\Local\Temp\s1n0.o \
  dist/default/production\Reloj_con_Rtc.X.production.o 

Object code version is 3.11

Machine type is 16F877A



                Name                               Link     Load   Length Selector   Space Scale
C:\Users\DIEGOM~1\AppData\Local\Temp\s1n0.o
                end_init                              0        0        3        0       0
                config                             2007     2007        1     400E       0
dist/default/production\Reloj_con_Rtc.X.production.o
                cinit                               7E3      7E3       1D      FC6       0
                text27                              1E9      1E9       3C      3D2       0
                text26                               2A       2A        D       54       0
                text25                              FEE      FEE        9     1FDC       0
                text24                               13       13        B       26       0
                text23                              FF7      FF7        9     1FEE       0
                text22                               AB       AB       1E      156       0
                text21                              17D      17D       36      2FA       0
                text20                              1B3      1B3       36      366       0
                text19                               71       71       1D       E2       0
                text18                              34C      34C       79      698       0
                text17                               8E       8E       1D      11C       0
                text16                              661      661       BD      CC2       0
                text15                               5C       5C       15       B8       0
                text14                              44A      44A       AE      894       0
                text13                              2E5      2E5       67      5CA       0
                text12                              225      225       5B      44A       0
                text11                              105      105       21      20A       0
                text10                               C9       C9       1E      192       0
                text9                                 A        A        9       14       0
                text8                               151      151       2C      2A2       0
                text7                                E7       E7       1E      1CE       0
                text6                               71E      71E       C5      E3C       0
                text5                               4F8      4F8       B4      9F0       0
                text4                                37       37       12       6E       0
                text3                               280      280       65      500       0
                text2                               3C5      3C5       85      78A       0
                text1                               126      126       2B      24C       0
                maintext                            5AC      5AC       B5      B58       0
                cstackBANK0                          2C       2C        C       20       1
                cstackCOMMON                         70       70        E       70       1
                inittext                             49       49       13       92       0
                dataBANK0                            20       20        C       20       1
                bssBANK0                             38       38        B       20       1
                nvBANK0                              43       43        2       20       1
                idataBANK0                           1E       1E        C       3C       0

TOTAL           Name                               Link     Load   Length     Space
        CLASS   STACK          

        CLASS   CODE           
                end_init                              0        0        3         0
                cinit                               7E3      7E3       1D         0
                text27                              1E9      1E9       3C         0
                text26                               2A       2A        D         0
                text25                              FEE      FEE        9         0
                text24                               13       13        B         0
                text23                              FF7      FF7        9         0
                text22                               AB       AB       1E         0
                text21                              17D      17D       36         0
                text20                              1B3      1B3       36         0
                text19                               71       71       1D         0
                text18                              34C      34C       79         0
                text17                               8E       8E       1D         0
                text16                              661      661       BD         0
                text15                               5C       5C       15         0
                text14                              44A      44A       AE         0
                text13                              2E5      2E5       67         0
                text12                              225      225       5B         0
                text11                              105      105       21         0
                text10                               C9       C9       1E         0
                text9                                 A        A        9         0
                text8                               151      151       2C         0
                text7                                E7       E7       1E         0
                text6                               71E      71E       C5         0
                text5                               4F8      4F8       B4         0
                text4                                37       37       12         0
                text3                               280      280       65         0
                text2                               3C5      3C5       85         0
                text1                               126      126       2B         0
                maintext                            5AC      5AC       B5         0
                inittext                             49       49       13         0
                idataBANK0                           1E       1E        C         0

        CLASS   STRCODE        

        CLASS   STRING         

        CLASS   CONST          

        CLASS   ENTRY          

        CLASS   COMMON         
                cstackCOMMON                         70       70        E         1

        CLASS   BANK0          
                cstackBANK0                          2C       2C        C         1
                dataBANK0                            20       20        C         1
                bssBANK0                             38       38        B         1
                nvBANK0                              43       43        2         1

        CLASS   BANK1          

        CLASS   BANK2          

        CLASS   BANK3          

        CLASS   RAM            

        CLASS   ABS1           
                abs_s1                               7E       7E        2         1

        CLASS   SFR0           

        CLASS   SFR1           

        CLASS   SFR2           

        CLASS   SFR3           

        CLASS   CONFIG         
                config                             2007     2007        1         0

        CLASS   IDLOC          

        CLASS   EEDATA         



SEGMENTS        Name                           Load    Length   Top    Selector   Space  Class     Delta

                reset_vec                      000000  000003  000003         0       0  CODE        2
                text9                          00000A  000009  000013        14       0  CODE        2
                dataBANK0                      000020  000025  000045        20       1  BANK0       1
                text24                         000013  00000B  00001E        26       0  CODE        2
                idataBANK0                     00001E  00000C  00002A        3C       0  CODE        2
                text26                         00002A  00000D  000037        54       0  CODE        2
                text4                          000037  000012  000049        6E       0  CODE        2
                cstackCOMMON                   000070  00000E  00007E        70       1  COMMON      1
                inittext                       000049  000013  00005C        92       0  CODE        2
                text15                         00005C  000015  000071        B8       0  CODE        2
                text19                         000071  00001D  00008E        E2       0  CODE        2
                text17                         00008E  00001D  0000AB       11C       0  CODE        2
                text22                         0000AB  00001E  0000C9       156       0  CODE        2
                text10                         0000C9  00001E  0000E7       192       0  CODE        2
                text7                          0000E7  00001E  000105       1CE       0  CODE        2
                text11                         000105  000021  000126       20A       0  CODE        2
                text1                          000126  00002B  000151       24C       0  CODE        2
                text8                          000151  00002C  00017D       2A2       0  CODE        2
                text21                         00017D  000036  0001B3       2FA       0  CODE        2
                text20                         0001B3  000036  0001E9       366       0  CODE        2
                text27                         0001E9  00003C  000225       3D2       0  CODE        2
                text12                         000225  00005B  000280       44A       0  CODE        2
                text3                          000280  000065  0002E5       500       0  CODE        2
                text13                         0002E5  000067  00034C       5CA       0  CODE        2
                text18                         00034C  000079  0003C5       698       0  CODE        2
                text2                          0003C5  000085  00044A       78A       0  CODE        2
                text14                         00044A  0000AE  0004F8       894       0  CODE        2
                text5                          0004F8  0000B4  0005AC       9F0       0  CODE        2
                maintext                       0005AC  0000B5  000661       B58       0  CODE        2
                text16                         000661  0000BD  00071E       CC2       0  CODE        2
                text6                          00071E  0000C5  0007E3       E3C       0  CODE        2
                cinit                          0007E3  00001D  000800       FC6       0  CODE        2
                text25                         000FEE  000009  000FF7      1FDC       0  CODE        2
                text23                         000FF7  000009  001000      1FEE       0  CODE        2
                config                         002007  000001  002008      400E       0  CONFIG      2


UNUSED ADDRESS RANGES

        Name                Unused          Largest block    Delta
        BANK0            0045-006F             2B           1
        BANK1            00A0-00EF             50           1
        BANK2            0110-016F             60           1
        BANK3            0190-01EF             60           1
        CODE             0003-0009              7           2
                         0800-0FED            7EE
                         1000-1FFF            800
        CONST            0003-0009              7           2
                         0800-0FED            100
                         1000-1FFF            100
        EEDATA           2100-21FF            100           2
        ENTRY            0003-0009              7           2
                         0800-0FED            100
                         1000-1FFF            100
        IDLOC            2000-2003              4           2
        RAM              0045-006F             2B           1
                         00A0-00EF             50
                         0110-016F             60
                         0190-01EF             60
        SFR0             0000-001F             20           1
        SFR1             0080-009F             20           1
        SFR2             0100-010F             10           1
        SFR3             0180-018F             10           1
        STACK            0110-016F             60           1
        STRCODE          0003-0009              7           2
                         0800-0FED            7EE
                         1000-1FFF           1000
        STRING           0003-0009              7           2
                         0800-0FED            100
                         1000-1FFF            100

                                  Symbol Table

?___awdiv                      cstackCOMMON 0070
?___awmod                      cstackCOMMON 0079
_ACKSTAT                       (abs)        048E
_ADCON1bits                    (abs)        009F
_AmPm                          bssBANK0     003A
_PORTA                         (abs)        0005
_PORTB                         (abs)        0006
_PORTBbits                     (abs)        0006
_PORTC                         (abs)        0007
_PORTD                         (abs)        0008
_RC3                           (abs)        003B
_RC4                           (abs)        003C
_SSPADD                        (abs)        0093
_SSPBUF                        (abs)        0013
_SSPCON                        (abs)        0014
_SSPCON2                       (abs)        0091
_SSPCON2bits                   (abs)        0091
_SSPSTAT                       (abs)        0094
_TRISA                         (abs)        0085
_TRISB                         (abs)        0086
_TRISCbits                     (abs)        0087
_TRISD                         (abs)        0088
__CFG_BOREN$OFF                (abs)        0000
__CFG_CP$OFF                   (abs)        0000
__CFG_CPD$OFF                  (abs)        0000
__CFG_FOSC$XT                  (abs)        0000
__CFG_LVP$OFF                  (abs)        0000
__CFG_PWRTE$OFF                (abs)        0000
__CFG_WDTE$OFF                 (abs)        0000
__CFG_WRT$OFF                  (abs)        0000
__Habs1                        abs1         0000
__Hbank0                       bank0        0000
__Hbank1                       bank1        0000
__Hbank2                       bank2        0000
__Hbank3                       bank3        0000
__HbssBANK0                    bssBANK0     0000
__Hcinit                       cinit        0800
__Hclrtext                     clrtext      0000
__Hcode                        code         0000
__Hcommon                      common       0000
__Hconfig                      config       2008
__HcstackBANK0                 cstackBANK0  0000
__HcstackCOMMON                cstackCOMMON 0000
__HdataBANK0                   dataBANK0    0000
__Heeprom_data                 eeprom_data  0000
__Hend_init                    end_init     0003
__Hfunctab                     functab      0000
__HidataBANK0                  idataBANK0   0000
__Hidloc                       idloc        0000
__Hinit                        init         0000
__Hinittext                    inittext     0000
__Hintentry                    intentry     0000
__Hmaintext                    maintext     0000
__HnvBANK0                     nvBANK0      0000
__Hpowerup                     powerup      0000
__Hram                         ram          0000
__Hreset_vec                   reset_vec    0000
__Hsfr0                        sfr0         0000
__Hsfr1                        sfr1         0000
__Hsfr2                        sfr2         0000
__Hsfr3                        sfr3         0000
__Hspace_0                     (abs)        2008
__Hspace_1                     (abs)        007E
__Hspace_2                     (abs)        0000
__Hspace_3                     (abs)        0000
__Hstack                       stack        0000
__Hstrings                     strings      0000
__Htext                        text         0000
__Labs1                        abs1         0000
__Lbank0                       bank0        0000
__Lbank1                       bank1        0000
__Lbank2                       bank2        0000
__Lbank3                       bank3        0000
__LbssBANK0                    bssBANK0     0000
__Lcinit                       cinit        07E3
__Lclrtext                     clrtext      0000
__Lcode                        code         0000
__Lcommon                      common       0000
__Lconfig                      config       2007
__LcstackBANK0                 cstackBANK0  0000
__LcstackCOMMON                cstackCOMMON 0000
__LdataBANK0                   dataBANK0    0000
__Leeprom_data                 eeprom_data  0000
__Lend_init                    end_init     0000
__Lfunctab                     functab      0000
__LidataBANK0                  idataBANK0   0000
__Lidloc                       idloc        0000
__Linit                        init         0000
__Linittext                    inittext     0000
__Lintentry                    intentry     0000
__Lmaintext                    maintext     0000
__LnvBANK0                     nvBANK0      0000
__Lpowerup                     powerup      0000
__Lram                         ram          0000
__Lreset_vec                   reset_vec    0000
__Lsfr0                        sfr0         0000
__Lsfr1                        sfr1         0000
__Lsfr2                        sfr2         0000
__Lsfr3                        sfr3         0000
__Lspace_0                     (abs)        0000
__Lspace_1                     (abs)        0000
__Lspace_2                     (abs)        0000
__Lspace_3                     (abs)        0000
__Lstack                       stack        0000
__Lstrings                     strings      0000
__Ltext                        text         0000
__S0                           (abs)        2008
__S1                           (abs)        007E
__S2                           (abs)        0000
__S3                           (abs)        0000
___awdiv                       text13       02E5
___awdiv@counter               cstackCOMMON 0075
___awdiv@dividend              cstackCOMMON 0072
___awdiv@divisor               cstackCOMMON 0070
___awdiv@quotient              cstackCOMMON 0077
___awdiv@sign                  cstackCOMMON 0076
___awmod                       text12       0225
___awmod@counter               cstackBANK0  002C
___awmod@dividend              cstackCOMMON 007B
___awmod@divisor               cstackCOMMON 0079
___awmod@sign                  cstackBANK0  002D
___bmul                        text15       005C
___bmul@multiplicand           cstackCOMMON 0070
___bmul@multiplier             cstackCOMMON 0073
___bmul@product                cstackCOMMON 0072
___int_sp                      stack        0000
___latbits                     (abs)        0002
___sp                          stack        0000
___stackhi                     (abs)        0000
___stacklo                     (abs)        0000
__end_of___awdiv               text13       034C
__end_of___awmod               text12       0280
__end_of___bmul                text15       0071
__end_of__initialization       cinit        07FC
__end_of_antiRebote            text27       0225
__end_of_controlBotones        text16       071E
__end_of_convertirDato         text11       0126
__end_of_convertirFormato      text14       04F8
__end_of_dameHoraActual        text6        07E3
__end_of_dameTemperatura       text5        05AC
__end_of_escribe_rtc           text22       00C9
__end_of_i2c_detener           text25       0FF7
__end_of_i2c_envia_dato        text24       001E
__end_of_i2c_espera            text26       0037
__end_of_i2c_inicia_com        text23       1000
__end_of_i2c_iniciar           text4        0049
__end_of_i2c_recibe_dato       text10       00E7
__end_of_i2c_reinicia_com      text9        0013
__end_of_leer_rtc              text8        017D
__end_of_main                  maintext     0661
__end_of_mostrarDigitos        text3        02E5
__end_of_parpadearDigitos      text2        044A
__end_of_setRtcDefault         text7        0105
__end_of_setRtcHora            text21       01B3
__end_of_setRtcMinutos         text20       01E9
__end_of_validaDecenasMinutos  text19       008E
__end_of_validaHoras           text18       03C5
__end_of_validaMinutos         text17       00AB
__end_of_verificaAmPm          text1        0151
__initialization               cinit        07E3
__pbssBANK0                    bssBANK0     0038
__pcstackBANK0                 cstackBANK0  002C
__pcstackCOMMON                cstackCOMMON 0070
__pdataBANK0                   dataBANK0    0020
__pidataBANK0                  idataBANK0   001E
__pmaintext                    maintext     05AC
__pnvBANK0                     nvBANK0      0043
__ptext1                       text1        0126
__ptext10                      text10       00C9
__ptext11                      text11       0105
__ptext12                      text12       0225
__ptext13                      text13       02E5
__ptext14                      text14       044A
__ptext15                      text15       005C
__ptext16                      text16       0661
__ptext17                      text17       008E
__ptext18                      text18       034C
__ptext19                      text19       0071
__ptext2                       text2        03C5
__ptext20                      text20       01B3
__ptext21                      text21       017D
__ptext22                      text22       00AB
__ptext23                      text23       0FF7
__ptext24                      text24       0013
__ptext25                      text25       0FEE
__ptext26                      text26       002A
__ptext27                      text27       01E9
__ptext3                       text3        0280
__ptext4                       text4        0037
__ptext5                       text5        04F8
__ptext6                       text6        071E
__ptext7                       text7        00E7
__ptext8                       text8        0151
__ptext9                       text9        000A
__size_of___awdiv              (abs)        0000
__size_of___awmod              (abs)        0000
__size_of___bmul               (abs)        0000
__size_of_antiRebote           (abs)        0000
__size_of_controlBotones       (abs)        0000
__size_of_convertirDato        (abs)        0000
__size_of_convertirFormato     (abs)        0000
__size_of_dameHoraActual       (abs)        0000
__size_of_dameTemperatura      (abs)        0000
__size_of_escribe_rtc          (abs)        0000
__size_of_i2c_detener          (abs)        0000
__size_of_i2c_envia_dato       (abs)        0000
__size_of_i2c_espera           (abs)        0000
__size_of_i2c_inicia_com       (abs)        0000
__size_of_i2c_iniciar          (abs)        0000
__size_of_i2c_recibe_dato      (abs)        0000
__size_of_i2c_reinicia_com     (abs)        0000
__size_of_leer_rtc             (abs)        0000
__size_of_main                 (abs)        0000
__size_of_mostrarDigitos       (abs)        0000
__size_of_parpadearDigitos     (abs)        0000
__size_of_setRtcDefault        (abs)        0000
__size_of_setRtcHora           (abs)        0000
__size_of_setRtcMinutos        (abs)        0000
__size_of_validaDecenasMinutos (abs)        0000
__size_of_validaHoras          (abs)        0000
__size_of_validaMinutos        (abs)        0000
__size_of_verificaAmPm         (abs)        0000
_antiRebote                    text27       01E9
_contDecHora                   dataBANK0    002B
_contDecHoraAux                bssBANK0     0040
_contDecHoraMostrar            nvBANK0      0044
_contDecMin                    bssBANK0     0042
_contHora                      dataBANK0    002A
_contHoraAux                   bssBANK0     003F
_contHoraMostrar               nvBANK0      0043
_contMin                       bssBANK0     0041
_contadorBotonSet              bssBANK0     003C
_contadorBotonTemp             bssBANK0     0038
_controlBotones                text16       0661
_convertirDato                 text11       0105
_convertirFormato              text14       044A
_dameHoraActual                text6        071E
_dameTemperatura               text5        04F8
_digitoActual                  bssBANK0     003E
_escribe_rtc                   text22       00AB
_formato                       bssBANK0     003B
_i2c_detener                   text25       0FEE
_i2c_envia_dato                text24       0013
_i2c_espera                    text26       002A
_i2c_inicia_com                text23       0FF7
_i2c_iniciar                   text4        0037
_i2c_recibe_dato               text10       00C9
_i2c_reinicia_com              text9        000A
_leer_rtc                      text8        0151
_main                          maintext     05AC
_mostrarDigitos                text3        0280
_numeroActual                  bssBANK0     003D
_numeros                       dataBANK0    0020
_parpadearDigitos              text2        03C5
_setRtcDefault                 text7        00E7
_setRtcHora                    text21       017D
_setRtcMinutos                 text20       01B3
_validaDecenasMinutos          text19       0071
_validaHoras                   text18       034C
_validaMinutos                 text17       008E
_verificaAmPm                  text1        0126
antiRebote@pin                 cstackCOMMON 0070
btemp                          (abs)        007E
convertirDato@dato             cstackCOMMON 0077
convertirDato@datoR            cstackCOMMON 0078
convertirFormato@numeroEvaluar cstackCOMMON 0076
dameHoraActual@auxHora         cstackBANK0  0032
dameHoraActual@auxMin          cstackBANK0  0031
dameTemperatura@decenas        cstackBANK0  0034
dameTemperatura@repeticiones   cstackBANK0  0031
dameTemperatura@temperatura    cstackBANK0  0035
dameTemperatura@unidades       cstackBANK0  0033
end_of_initialization          cinit        07FC
escribe_rtc@dato               cstackCOMMON 0071
escribe_rtc@direccion          cstackCOMMON 0072
i2c_envia_dato@dato            cstackCOMMON 0070
i2c_recibe_dato@datoleido      cstackCOMMON 0071
init_fetch0                    inittext     0049
init_ram0                      inittext     004D
intlevel0                      functab      0000
intlevel1                      functab      0000
intlevel2                      functab      0000
intlevel3                      functab      0000
intlevel4                      functab      0000
intlevel5                      functab      0000
leer_rtc@dato                  cstackCOMMON 0074
leer_rtc@direccion             cstackCOMMON 0073
parpadearDigitos@repeticiones  cstackCOMMON 0072
reset_vec                      reset_vec    0000
setRtcDefault@horaRtc          cstackCOMMON 0074
setRtcHora@horaRtc             cstackCOMMON 0075
setRtcMinutos@minutosRtc       cstackCOMMON 0075
start                          init         0000
start_initialization           cinit        07E3
wtemp0                         (abs)        007E


FUNCTION INFORMATION:

 *************** function _main *****************
 Defined at:
		line 518 in file "main.c"
 Parameters:    Size  Location     Type
		None
 Auto vars:     Size  Location     Type
		None
 Return value:  Size  Location     Type
                  1    wreg      void 
 Registers used:
		wreg, fsr0l, fsr0h, status,2, status,0, btemp+1, pclath, cstack
 Tracked objects:
		On entry : 
		On exit  : 
		Unchanged: 
 Data sizes:     COMMON   BANK0   BANK1   BANK3   BANK2
      Params:         0       0       0       0       0
      Locals:         0       0       0       0       0
      Temps:          0       2       0       0       0
      Totals:         0       2       0       0       0
Total ram usage:        2 bytes
 Hardware stack levels required when called:    5
 This function calls:
		_antiRebote
		_controlBotones
		_convertirFormato
		_dameHoraActual
		_dameTemperatura
		_i2c_iniciar
		_mostrarDigitos
		_parpadearDigitos
		_verificaAmPm
 This function is called by:
		Startup code after reset
 This function uses a non-reentrant model


 *************** function _verificaAmPm *****************
 Defined at:
		line 320 in file "main.c"
 Parameters:    Size  Location     Type
		None
 Auto vars:     Size  Location     Type
		None
 Return value:  Size  Location     Type
                  1    wreg      void 
 Registers used:
		wreg, status,2, status,0
 Tracked objects:
		On entry : 
		On exit  : 
		Unchanged: 
 Data sizes:     COMMON   BANK0   BANK1   BANK3   BANK2
      Params:         0       0       0       0       0
      Locals:         0       0       0       0       0
      Temps:          0       0       0       0       0
      Totals:         0       0       0       0       0
Total ram usage:        0 bytes
 Hardware stack levels used:    1
 This function calls:
		Nothing
 This function is called by:
		_main
 This function uses a non-reentrant model


 *************** function _parpadearDigitos *****************
 Defined at:
		line 235 in file "main.c"
 Parameters:    Size  Location     Type
		None
 Auto vars:     Size  Location     Type
  repeticiones    1    2[COMMON] unsigned char 
 Return value:  Size  Location     Type
                  1    wreg      void 
 Registers used:
		wreg, fsr0l, fsr0h, status,2, status,0
 Tracked objects:
		On entry : 
		On exit  : 
		Unchanged: 
 Data sizes:     COMMON   BANK0   BANK1   BANK3   BANK2
      Params:         0       0       0       0       0
      Locals:         1       0       0       0       0
      Temps:          2       0       0       0       0
      Totals:         3       0       0       0       0
Total ram usage:        3 bytes
 Hardware stack levels used:    1
 This function calls:
		Nothing
 This function is called by:
		_main
 This function uses a non-reentrant model


 *************** function _mostrarDigitos *****************
 Defined at:
		line 292 in file "main.c"
 Parameters:    Size  Location     Type
		None
 Auto vars:     Size  Location     Type
		None
 Return value:  Size  Location     Type
                  1    wreg      void 
 Registers used:
		wreg, fsr0l, fsr0h, status,2, status,0, btemp+1
 Tracked objects:
		On entry : 
		On exit  : 
		Unchanged: 
 Data sizes:     COMMON   BANK0   BANK1   BANK3   BANK2
      Params:         0       0       0       0       0
      Locals:         0       0       0       0       0
      Temps:          2       0       0       0       0
      Totals:         2       0       0       0       0
Total ram usage:        2 bytes
 Hardware stack levels used:    1
 This function calls:
		Nothing
 This function is called by:
		_main
 This function uses a non-reentrant model


 *************** function _i2c_iniciar *****************
 Defined at:
		line 4 in file "./I2C.h"
 Parameters:    Size  Location     Type
		None
 Auto vars:     Size  Location     Type
		None
 Return value:  Size  Location     Type
                  1    wreg      void 
 Registers used:
		wreg, status,2
 Tracked objects:
		On entry : 
		On exit  : 
		Unchanged: 
 Data sizes:     COMMON   BANK0   BANK1   BANK3   BANK2
      Params:         0       0       0       0       0
      Locals:         0       0       0       0       0
      Temps:          0       0       0       0       0
      Totals:         0       0       0       0       0
Total ram usage:        0 bytes
 Hardware stack levels used:    1
 This function calls:
		Nothing
 This function is called by:
		_main
 This function uses a non-reentrant model


 *************** function _dameTemperatura *****************
 Defined at:
		line 112 in file "main.c"
 Parameters:    Size  Location     Type
		None
 Auto vars:     Size  Location     Type
  repeticiones    2    5[BANK0 ] short 
  temperatura     1    9[BANK0 ] unsigned char 
  decenas         1    8[BANK0 ] unsigned char 
  unidades        1    7[BANK0 ] unsigned char 
 Return value:  Size  Location     Type
                  1    wreg      void 
 Registers used:
		wreg, fsr0l, fsr0h, status,2, status,0, btemp+1, pclath, cstack
 Tracked objects:
		On entry : 
		On exit  : 
		Unchanged: 
 Data sizes:     COMMON   BANK0   BANK1   BANK3   BANK2
      Params:         0       0       0       0       0
      Locals:         0       5       0       0       0
      Temps:          0       3       0       0       0
      Totals:         0       8       0       0       0
Total ram usage:        8 bytes
 Hardware stack levels used:    1
 Hardware stack levels required when called:    3
 This function calls:
		___awdiv
		___awmod
		_antiRebote
		_leer_rtc
 This function is called by:
		_main
 This function uses a non-reentrant model


 *************** function _dameHoraActual *****************
 Defined at:
		line 462 in file "main.c"
 Parameters:    Size  Location     Type
		None
 Auto vars:     Size  Location     Type
  auxHora         1    6[BANK0 ] unsigned char 
  auxMin          1    5[BANK0 ] unsigned char 
 Return value:  Size  Location     Type
                  1    wreg      void 
 Registers used:
		wreg, status,2, status,0, pclath, cstack
 Tracked objects:
		On entry : 
		On exit  : 
		Unchanged: 
 Data sizes:     COMMON   BANK0   BANK1   BANK3   BANK2
      Params:         0       0       0       0       0
      Locals:         0       2       0       0       0
      Temps:          0       3       0       0       0
      Totals:         0       5       0       0       0
Total ram usage:        5 bytes
 Hardware stack levels used:    1
 Hardware stack levels required when called:    4
 This function calls:
		___awdiv
		___awmod
		_convertirDato
		_leer_rtc
		_setRtcDefault
 This function is called by:
		_main
 This function uses a non-reentrant model


 *************** function _setRtcDefault *****************
 Defined at:
		line 482 in file "main.c"
 Parameters:    Size  Location     Type
		None
 Auto vars:     Size  Location     Type
  horaRtc         1    4[COMMON] unsigned char 
 Return value:  Size  Location     Type
                  1    wreg      void 
 Registers used:
		wreg, status,2, status,0, pclath, cstack
 Tracked objects:
		On entry : 
		On exit  : 
		Unchanged: 
 Data sizes:     COMMON   BANK0   BANK1   BANK3   BANK2
      Params:         0       0       0       0       0
      Locals:         1       0       0       0       0
      Temps:          1       0       0       0       0
      Totals:         2       0       0       0       0
Total ram usage:        2 bytes
 Hardware stack levels used:    1
 Hardware stack levels required when called:    3
 This function calls:
		_escribe_rtc
 This function is called by:
		_dameHoraActual
 This function uses a non-reentrant model


 *************** function _leer_rtc *****************
 Defined at:
		line 13 in file "./RTC.h"
 Parameters:    Size  Location     Type
  direccion       1    wreg     unsigned char 
 Auto vars:     Size  Location     Type
  direccion       1    3[COMMON] unsigned char 
  dato            1    4[COMMON] unsigned char 
 Return value:  Size  Location     Type
                  1    wreg      unsigned char 
 Registers used:
		wreg, status,2, status,0, pclath, cstack
 Tracked objects:
		On entry : 
		On exit  : 
		Unchanged: 
 Data sizes:     COMMON   BANK0   BANK1   BANK3   BANK2
      Params:         0       0       0       0       0
      Locals:         2       0       0       0       0
      Temps:          1       0       0       0       0
      Totals:         3       0       0       0       0
Total ram usage:        3 bytes
 Hardware stack levels used:    1
 Hardware stack levels required when called:    2
 This function calls:
		_i2c_detener
		_i2c_envia_dato
		_i2c_inicia_com
		_i2c_recibe_dato
		_i2c_reinicia_com
 This function is called by:
		_dameTemperatura
		_dameHoraActual
 This function uses a non-reentrant model


 *************** function _i2c_reinicia_com *****************
 Defined at:
		line 37 in file "./I2C.h"
 Parameters:    Size  Location     Type
		None
 Auto vars:     Size  Location     Type
		None
 Return value:  Size  Location     Type
                  1    wreg      void 
 Registers used:
		wreg, status,2, status,0, pclath, cstack
 Tracked objects:
		On entry : 
		On exit  : 
		Unchanged: 
 Data sizes:     COMMON   BANK0   BANK1   BANK3   BANK2
      Params:         0       0       0       0       0
      Locals:         0       0       0       0       0
      Temps:          0       0       0       0       0
      Totals:         0       0       0       0       0
Total ram usage:        0 bytes
 Hardware stack levels used:    1
 Hardware stack levels required when called:    1
 This function calls:
		_i2c_espera
 This function is called by:
		_leer_rtc
 This function uses a non-reentrant model


 *************** function _i2c_recibe_dato *****************
 Defined at:
		line 68 in file "./I2C.h"
 Parameters:    Size  Location     Type
		None
 Auto vars:     Size  Location     Type
  datoleido       1    1[COMMON] unsigned char 
 Return value:  Size  Location     Type
                  1    wreg      unsigned char 
 Registers used:
		wreg, status,2, status,0, pclath, cstack
 Tracked objects:
		On entry : 
		On exit  : 
		Unchanged: 
 Data sizes:     COMMON   BANK0   BANK1   BANK3   BANK2
      Params:         0       0       0       0       0
      Locals:         1       0       0       0       0
      Temps:          1       0       0       0       0
      Totals:         2       0       0       0       0
Total ram usage:        2 bytes
 Hardware stack levels used:    1
 Hardware stack levels required when called:    1
 This function calls:
		_i2c_espera
 This function is called by:
		_leer_rtc
 This function uses a non-reentrant model


 *************** function _convertirDato *****************
 Defined at:
		line 28 in file "./RTC.h"
 Parameters:    Size  Location     Type
  dato            1    wreg     unsigned char 
 Auto vars:     Size  Location     Type
  dato            1    7[COMMON] unsigned char 
  datoR           1    8[COMMON] unsigned char 
 Return value:  Size  Location     Type
                  1    wreg      unsigned char 
 Registers used:
		wreg, status,2, status,0, pclath, cstack
 Tracked objects:
		On entry : 
		On exit  : 
		Unchanged: 
 Data sizes:     COMMON   BANK0   BANK1   BANK3   BANK2
      Params:         0       0       0       0       0
      Locals:         2       0       0       0       0
      Temps:          3       0       0       0       0
      Totals:         5       0       0       0       0
Total ram usage:        5 bytes
 Hardware stack levels used:    1
 Hardware stack levels required when called:    1
 This function calls:
		___bmul
 This function is called by:
		_dameHoraActual
 This function uses a non-reentrant model


 *************** function ___awmod *****************
 Defined at:
		line 5 in file "C:\Program Files (x86)\Microchip\xc8\v2.10\pic\sources\c90\common\awmod.c"
 Parameters:    Size  Location     Type
  divisor         2    9[COMMON] int 
  dividend        2   11[COMMON] int 
 Auto vars:     Size  Location     Type
  sign            1    1[BANK0 ] unsigned char 
  counter         1    0[BANK0 ] unsigned char 
 Return value:  Size  Location     Type
                  2    9[COMMON] int 
 Registers used:
		wreg, status,2, status,0
 Tracked objects:
		On entry : 
		On exit  : 
		Unchanged: 
 Data sizes:     COMMON   BANK0   BANK1   BANK3   BANK2
      Params:         4       0       0       0       0
      Locals:         0       2       0       0       0
      Temps:          1       0       0       0       0
      Totals:         5       2       0       0       0
Total ram usage:        7 bytes
 Hardware stack levels used:    1
 This function calls:
		Nothing
 This function is called by:
		_dameTemperatura
		_dameHoraActual
 This function uses a non-reentrant model


 *************** function ___awdiv *****************
 Defined at:
		line 5 in file "C:\Program Files (x86)\Microchip\xc8\v2.10\pic\sources\c90\common\awdiv.c"
 Parameters:    Size  Location     Type
  divisor         2    0[COMMON] int 
  dividend        2    2[COMMON] int 
 Auto vars:     Size  Location     Type
  quotient        2    7[COMMON] int 
  sign            1    6[COMMON] unsigned char 
  counter         1    5[COMMON] unsigned char 
 Return value:  Size  Location     Type
                  2    0[COMMON] int 
 Registers used:
		wreg, status,2, status,0
 Tracked objects:
		On entry : 
		On exit  : 
		Unchanged: 
 Data sizes:     COMMON   BANK0   BANK1   BANK3   BANK2
      Params:         4       0       0       0       0
      Locals:         4       0       0       0       0
      Temps:          1       0       0       0       0
      Totals:         9       0       0       0       0
Total ram usage:        9 bytes
 Hardware stack levels used:    1
 This function calls:
		Nothing
 This function is called by:
		_dameTemperatura
		_dameHoraActual
 This function uses a non-reentrant model


 *************** function _convertirFormato *****************
 Defined at:
		line 333 in file "main.c"
 Parameters:    Size  Location     Type
		None
 Auto vars:     Size  Location     Type
  numeroEvalua    1    6[COMMON] unsigned char 
 Return value:  Size  Location     Type
                  1    wreg      void 
 Registers used:
		wreg, fsr0l, fsr0h, status,2, status,0, pclath, cstack
 Tracked objects:
		On entry : 
		On exit  : 
		Unchanged: 
 Data sizes:     COMMON   BANK0   BANK1   BANK3   BANK2
      Params:         0       0       0       0       0
      Locals:         1       0       0       0       0
      Temps:          2       0       0       0       0
      Totals:         3       0       0       0       0
Total ram usage:        3 bytes
 Hardware stack levels used:    1
 Hardware stack levels required when called:    1
 This function calls:
		___bmul
 This function is called by:
		_main
 This function uses a non-reentrant model


 *************** function ___bmul *****************
 Defined at:
		line 4 in file "C:\Program Files (x86)\Microchip\xc8\v2.10\pic\sources\c90\common\Umul8.c"
 Parameters:    Size  Location     Type
  multiplier      1    wreg     unsigned char 
  multiplicand    1    0[COMMON] unsigned char 
 Auto vars:     Size  Location     Type
  multiplier      1    3[COMMON] unsigned char 
  product         1    2[COMMON] unsigned char 
 Return value:  Size  Location     Type
                  1    wreg      unsigned char 
 Registers used:
		wreg, status,2, status,0
 Tracked objects:
		On entry : 
		On exit  : 
		Unchanged: 
 Data sizes:     COMMON   BANK0   BANK1   BANK3   BANK2
      Params:         1       0       0       0       0
      Locals:         2       0       0       0       0
      Temps:          1       0       0       0       0
      Totals:         4       0       0       0       0
Total ram usage:        4 bytes
 Hardware stack levels used:    1
 This function calls:
		Nothing
 This function is called by:
		_convertirDato
		_convertirFormato
 This function uses a non-reentrant model


 *************** function _controlBotones *****************
 Defined at:
		line 152 in file "main.c"
 Parameters:    Size  Location     Type
		None
 Auto vars:     Size  Location     Type
		None
 Return value:  Size  Location     Type
                  1    wreg      void 
 Registers used:
		wreg, fsr0l, fsr0h, status,2, status,0, pclath, cstack
 Tracked objects:
		On entry : 
		On exit  : 
		Unchanged: 
 Data sizes:     COMMON   BANK0   BANK1   BANK3   BANK2
      Params:         0       0       0       0       0
      Locals:         0       0       0       0       0
      Temps:          2       0       0       0       0
      Totals:         2       0       0       0       0
Total ram usage:        2 bytes
 Hardware stack levels used:    1
 Hardware stack levels required when called:    4
 This function calls:
		_antiRebote
		_setRtcHora
		_setRtcMinutos
		_validaDecenasMinutos
		_validaHoras
		_validaMinutos
 This function is called by:
		_main
 This function uses a non-reentrant model


 *************** function _validaMinutos *****************
 Defined at:
		line 74 in file "main.c"
 Parameters:    Size  Location     Type
		None
 Auto vars:     Size  Location     Type
		None
 Return value:  Size  Location     Type
                  1    wreg      void 
 Registers used:
		wreg, fsr0l, fsr0h, status,2, status,0
 Tracked objects:
		On entry : 
		On exit  : 
		Unchanged: 
 Data sizes:     COMMON   BANK0   BANK1   BANK3   BANK2
      Params:         0       0       0       0       0
      Locals:         0       0       0       0       0
      Temps:          1       0       0       0       0
      Totals:         1       0       0       0       0
Total ram usage:        1 bytes
 Hardware stack levels used:    1
 This function calls:
		Nothing
 This function is called by:
		_controlBotones
 This function uses a non-reentrant model


 *************** function _validaHoras *****************
 Defined at:
		line 90 in file "main.c"
 Parameters:    Size  Location     Type
		None
 Auto vars:     Size  Location     Type
		None
 Return value:  Size  Location     Type
                  1    wreg      void 
 Registers used:
		wreg, fsr0l, fsr0h, status,2, status,0
 Tracked objects:
		On entry : 
		On exit  : 
		Unchanged: 
 Data sizes:     COMMON   BANK0   BANK1   BANK3   BANK2
      Params:         0       0       0       0       0
      Locals:         0       0       0       0       0
      Temps:          1       0       0       0       0
      Totals:         1       0       0       0       0
Total ram usage:        1 bytes
 Hardware stack levels used:    1
 This function calls:
		Nothing
 This function is called by:
		_controlBotones
 This function uses a non-reentrant model


 *************** function _validaDecenasMinutos *****************
 Defined at:
		line 82 in file "main.c"
 Parameters:    Size  Location     Type
		None
 Auto vars:     Size  Location     Type
		None
 Return value:  Size  Location     Type
                  1    wreg      void 
 Registers used:
		wreg, fsr0l, fsr0h, status,2, status,0
 Tracked objects:
		On entry : 
		On exit  : 
		Unchanged: 
 Data sizes:     COMMON   BANK0   BANK1   BANK3   BANK2
      Params:         0       0       0       0       0
      Locals:         0       0       0       0       0
      Temps:          1       0       0       0       0
      Totals:         1       0       0       0       0
Total ram usage:        1 bytes
 Hardware stack levels used:    1
 This function calls:
		Nothing
 This function is called by:
		_controlBotones
 This function uses a non-reentrant model


 *************** function _setRtcMinutos *****************
 Defined at:
		line 507 in file "main.c"
 Parameters:    Size  Location     Type
		None
 Auto vars:     Size  Location     Type
  minutosRtc      1    5[COMMON] unsigned char 
 Return value:  Size  Location     Type
                  1    wreg      void 
 Registers used:
		wreg, status,2, status,0, pclath, cstack
 Tracked objects:
		On entry : 
		On exit  : 
		Unchanged: 
 Data sizes:     COMMON   BANK0   BANK1   BANK3   BANK2
      Params:         0       0       0       0       0
      Locals:         1       0       0       0       0
      Temps:          2       0       0       0       0
      Totals:         3       0       0       0       0
Total ram usage:        3 bytes
 Hardware stack levels used:    1
 Hardware stack levels required when called:    3
 This function calls:
		_escribe_rtc
 This function is called by:
		_controlBotones
 This function uses a non-reentrant model


 *************** function _setRtcHora *****************
 Defined at:
		line 495 in file "main.c"
 Parameters:    Size  Location     Type
		None
 Auto vars:     Size  Location     Type
  horaRtc         1    5[COMMON] unsigned char 
 Return value:  Size  Location     Type
                  1    wreg      void 
 Registers used:
		wreg, status,2, status,0, pclath, cstack
 Tracked objects:
		On entry : 
		On exit  : 
		Unchanged: 
 Data sizes:     COMMON   BANK0   BANK1   BANK3   BANK2
      Params:         0       0       0       0       0
      Locals:         1       0       0       0       0
      Temps:          2       0       0       0       0
      Totals:         3       0       0       0       0
Total ram usage:        3 bytes
 Hardware stack levels used:    1
 Hardware stack levels required when called:    3
 This function calls:
		_escribe_rtc
 This function is called by:
		_controlBotones
 This function uses a non-reentrant model


 *************** function _escribe_rtc *****************
 Defined at:
		line 2 in file "./RTC.h"
 Parameters:    Size  Location     Type
  direccion       1    wreg     unsigned char 
  dato            1    1[COMMON] unsigned char 
 Auto vars:     Size  Location     Type
  direccion       1    2[COMMON] unsigned char 
 Return value:  Size  Location     Type
                  1    wreg      void 
 Registers used:
		wreg, status,2, status,0, pclath, cstack
 Tracked objects:
		On entry : 
		On exit  : 
		Unchanged: 
 Data sizes:     COMMON   BANK0   BANK1   BANK3   BANK2
      Params:         1       0       0       0       0
      Locals:         1       0       0       0       0
      Temps:          0       0       0       0       0
      Totals:         2       0       0       0       0
Total ram usage:        2 bytes
 Hardware stack levels used:    1
 Hardware stack levels required when called:    2
 This function calls:
		_i2c_detener
		_i2c_envia_dato
		_i2c_inicia_com
 This function is called by:
		_setRtcDefault
		_setRtcHora
		_setRtcMinutos
 This function uses a non-reentrant model


 *************** function _i2c_inicia_com *****************
 Defined at:
		line 28 in file "./I2C.h"
 Parameters:    Size  Location     Type
		None
 Auto vars:     Size  Location     Type
		None
 Return value:  Size  Location     Type
                  1    wreg      void 
 Registers used:
		wreg, status,2, status,0, pclath, cstack
 Tracked objects:
		On entry : 
		On exit  : 
		Unchanged: 
 Data sizes:     COMMON   BANK0   BANK1   BANK3   BANK2
      Params:         0       0       0       0       0
      Locals:         0       0       0       0       0
      Temps:          0       0       0       0       0
      Totals:         0       0       0       0       0
Total ram usage:        0 bytes
 Hardware stack levels used:    1
 Hardware stack levels required when called:    1
 This function calls:
		_i2c_espera
 This function is called by:
		_escribe_rtc
		_leer_rtc
 This function uses a non-reentrant model


 *************** function _i2c_envia_dato *****************
 Defined at:
		line 57 in file "./I2C.h"
 Parameters:    Size  Location     Type
  dato            1    wreg     unsigned char 
 Auto vars:     Size  Location     Type
  dato            1    0[COMMON] unsigned char 
 Return value:  Size  Location     Type
                  1    wreg      unsigned char 
 Registers used:
		wreg, status,2, status,0, pclath, cstack
 Tracked objects:
		On entry : 
		On exit  : 
		Unchanged: 
 Data sizes:     COMMON   BANK0   BANK1   BANK3   BANK2
      Params:         0       0       0       0       0
      Locals:         1       0       0       0       0
      Temps:          0       0       0       0       0
      Totals:         1       0       0       0       0
Total ram usage:        1 bytes
 Hardware stack levels used:    1
 Hardware stack levels required when called:    1
 This function calls:
		_i2c_espera
 This function is called by:
		_escribe_rtc
		_leer_rtc
 This function uses a non-reentrant model


 *************** function _i2c_detener *****************
 Defined at:
		line 46 in file "./I2C.h"
 Parameters:    Size  Location     Type
		None
 Auto vars:     Size  Location     Type
		None
 Return value:  Size  Location     Type
                  1    wreg      void 
 Registers used:
		wreg, status,2, status,0, pclath, cstack
 Tracked objects:
		On entry : 
		On exit  : 
		Unchanged: 
 Data sizes:     COMMON   BANK0   BANK1   BANK3   BANK2
      Params:         0       0       0       0       0
      Locals:         0       0       0       0       0
      Temps:          0       0       0       0       0
      Totals:         0       0       0       0       0
Total ram usage:        0 bytes
 Hardware stack levels used:    1
 Hardware stack levels required when called:    1
 This function calls:
		_i2c_espera
 This function is called by:
		_escribe_rtc
		_leer_rtc
 This function uses a non-reentrant model


 *************** function _i2c_espera *****************
 Defined at:
		line 20 in file "./I2C.h"
 Parameters:    Size  Location     Type
		None
 Auto vars:     Size  Location     Type
		None
 Return value:  Size  Location     Type
                  1    wreg      void 
 Registers used:
		wreg, status,2
 Tracked objects:
		On entry : 
		On exit  : 
		Unchanged: 
 Data sizes:     COMMON   BANK0   BANK1   BANK3   BANK2
      Params:         0       0       0       0       0
      Locals:         0       0       0       0       0
      Temps:          0       0       0       0       0
      Totals:         0       0       0       0       0
Total ram usage:        0 bytes
 Hardware stack levels used:    1
 This function calls:
		Nothing
 This function is called by:
		_i2c_inicia_com
		_i2c_reinicia_com
		_i2c_detener
		_i2c_envia_dato
		_i2c_recibe_dato
 This function uses a non-reentrant model


 *************** function _antiRebote *****************
 Defined at:
		line 47 in file "main.c"
 Parameters:    Size  Location     Type
  pin             2    0[COMMON] unsigned int 
 Auto vars:     Size  Location     Type
		None
 Return value:  Size  Location     Type
                  1    wreg      void 
 Registers used:
		wreg, fsr0l, fsr0h, status,2, status,0
 Tracked objects:
		On entry : 
		On exit  : 
		Unchanged: 
 Data sizes:     COMMON   BANK0   BANK1   BANK3   BANK2
      Params:         2       0       0       0       0
      Locals:         0       0       0       0       0
      Temps:          2       0       0       0       0
      Totals:         4       0       0       0       0
Total ram usage:        4 bytes
 Hardware stack levels used:    1
 This function calls:
		Nothing
 This function is called by:
		_dameTemperatura
		_controlBotones
		_main
 This function uses a non-reentrant model



MODULE INFORMATION

Module		Function		Class		Link	Load	Size
C:\Program Files (x86)\Microchip\xc8\v2.10\pic\sources\c90\common\awdiv.c
		___awdiv       		CODE           	02E5	0000	104

C:\Program Files (x86)\Microchip\xc8\v2.10\pic\sources\c90\common\awdiv.c estimated size: 104

C:\Program Files (x86)\Microchip\xc8\v2.10\pic\sources\c90\common\Umul8.c
		___bmul        		CODE           	005C	0000	22

C:\Program Files (x86)\Microchip\xc8\v2.10\pic\sources\c90\common\Umul8.c estimated size: 22

./RTC.h
		_leer_rtc      		CODE           	0151	0000	45
		_convertirDato 		CODE           	0105	0000	34
		_escribe_rtc   		CODE           	00AB	0000	31

./RTC.h estimated size: 110

shared
		__initialization		CODE           	07E3	0000	26

shared estimated size: 26

C:\Program Files (x86)\Microchip\xc8\v2.10\pic\sources\c90\common\awmod.c
		___awmod       		CODE           	0225	0000	92

C:\Program Files (x86)\Microchip\xc8\v2.10\pic\sources\c90\common\awmod.c estimated size: 92

./I2C.h
		_i2c_inicia_com		CODE           	0FF7	0000	10
		_i2c_envia_dato		CODE           	0013	0000	12
		_i2c_reinicia_com		CODE           	000A	0000	10
		_i2c_detener   		CODE           	0FEE	0000	10
		_i2c_espera    		CODE           	002A	0000	14
		_i2c_recibe_dato		CODE           	00C9	0000	31
		_i2c_iniciar   		CODE           	0037	0000	19

./I2C.h estimated size: 106

main.c
		_setRtcHora    		CODE           	017D	0000	55
		_validaHoras   		CODE           	034C	0000	122
		_mostrarDigitos		CODE           	0280	0000	102
		_verificaAmPm  		CODE           	0126	0000	44
		_main          		CODE           	05AC	0000	182
		_dameTemperatura		CODE           	04F8	0000	181
		_setRtcDefault 		CODE           	00E7	0000	31
		_controlBotones		CODE           	0661	0000	190
		_setRtcMinutos 		CODE           	01B3	0000	55
		_parpadearDigitos		CODE           	03C5	0000	134
		_antiRebote    		CODE           	01E9	0000	61
		_validaMinutos 		CODE           	008E	0000	30
		_dameHoraActual		CODE           	071E	0000	198
		_convertirFormato		CODE           	044A	0000	175
		_validaDecenasMinutos		CODE           	0071	0000	30

main.c estimated size: 1590

