Microchip MPLAB XC8 Compiler V2.10 ()

Linker command line:

-W-3 --edf=C:\Program Files (x86)\Microchip\xc8\v2.10\pic\dat\en_msgs.txt \
  -cs -h+dist/default/production\Reloj_con_Rtc.X.production.sym \
  --cmf=dist/default/production\Reloj_con_Rtc.X.production.cmf -z -Q16F877A \
  -oC:\Users\DIEGOM~1\AppData\Local\Temp\s7ug.2 --defsym=__MPLAB_BUILD=1 \
  -Mdist/default/production/Reloj_con_Rtc.X.production.map -E1 -ver=XC8 \
  --acfsm=1493 -ASTACK=0110h-016Fh -pstack=STACK -ACODE=00h-07FFhx4 \
  -ASTRCODE=00h-01FFFh -ASTRING=00h-0FFhx32 -ACONST=00h-0FFhx32 \
  -AENTRY=00h-0FFhx32 -ACOMMON=070h-07Fh -ABANK0=020h-06Fh \
  -ABANK1=0A0h-0EFh -ABANK2=0110h-016Fh -ABANK3=0190h-01EFh \
  -ARAM=020h-06Fh,0A0h-0EFh,0110h-016Fh,0190h-01EFh \
  -AABS1=020h-07Fh,0A0h-0EFh,0110h-016Fh,0190h-01EFh -ASFR0=00h-01Fh \
  -ASFR1=080h-09Fh -ASFR2=0100h-010Fh -ASFR3=0180h-018Fh \
  -preset_vec=00h,intentry,init,end_init -ppowerup=CODE -pcinit=CODE \
  -pfunctab=ENTRY -ACONFIG=02007h-02007h -pconfig=CONFIG -DCONFIG=2 \
  -AIDLOC=02000h-02003h -pidloc=IDLOC -DIDLOC=2 -AEEDATA=00h-0FFh/02100h \
  -peeprom_data=EEDATA -DEEDATA=2 -DCODE=2 -DSTRCODE=2 -DSTRING=2 -DCONST=2 \
  -DENTRY=2 -k C:\Users\DIEGOM~1\AppData\Local\Temp\s7ug.o \
  dist/default/production\Reloj_con_Rtc.X.production.o 

Object code version is 3.11

Machine type is 16F877A



                Name                               Link     Load   Length Selector   Space Scale
C:\Users\DIEGOM~1\AppData\Local\Temp\s7ug.o
                end_init                              0        0        3        0       0
                config                             2007     2007        1     400E       0
dist/default/production\Reloj_con_Rtc.X.production.o
                cinit                               7E3      7E3       1D      FC6       0
                text26                              21B      21B       3C      436       0
                text25                               A6       A6        D      14C       0
                text24                               74       74        9       E8       0
                text23                               8F       8F        B      11E       0
                text22                               7D       7D        9       FA       0
                text21                              127      127       1E      24E       0
                text20                              163      163       20      2C6       0
                text19                              183      183       20      306       0
                text18                               ED       ED       1D      1DA       0
                text17                              37E      37E       79      6FC       0
                text16                              10A      10A       1D      214       0
                text15                              726      726       BD      E4C       0
                text14                               D8       D8       15      1B0       0
                text13                              50F      50F       AE      A1E       0
                text12                              317      317       67      62E       0
                text11                              257      257       5B      4AE       0
                text10                              1A3      1A3       21      346       0
                text9                               145      145       1E      28A       0
                text8                                86       86        9      10C       0
                text7                               1EF      1EF       2C      3DE       0
                text6                               47C      47C       93      8F8       0
                text5                               5BD      5BD       B4      B7A       0
                text4                                B3       B3       12      166       0
                text3                               2B2      2B2       65      564       0
                text2                               3F7      3F7       85      7EE       0
                text1                               1C4      1C4       2B      388       0
                maintext                            671      671       B5      CE2       0
                cstackBANK0                          2C       2C        C       20       1
                cstackCOMMON                         70       70        E       70       1
                inittext                             C5       C5       13      18A       0
                dataBANK0                            20       20        C       20       1
                bssBANK0                             38       38        B       20       1
                nvBANK0                              43       43        2       20       1
                idataBANK0                           9A       9A        C      134       0

TOTAL           Name                               Link     Load   Length     Space
        CLASS   STACK          

        CLASS   CODE           
                end_init                              0        0        3         0
                cinit                               7E3      7E3       1D         0
                text26                              21B      21B       3C         0
                text25                               A6       A6        D         0
                text24                               74       74        9         0
                text23                               8F       8F        B         0
                text22                               7D       7D        9         0
                text21                              127      127       1E         0
                text20                              163      163       20         0
                text19                              183      183       20         0
                text18                               ED       ED       1D         0
                text17                              37E      37E       79         0
                text16                              10A      10A       1D         0
                text15                              726      726       BD         0
                text14                               D8       D8       15         0
                text13                              50F      50F       AE         0
                text12                              317      317       67         0
                text11                              257      257       5B         0
                text10                              1A3      1A3       21         0
                text9                               145      145       1E         0
                text8                                86       86        9         0
                text7                               1EF      1EF       2C         0
                text6                               47C      47C       93         0
                text5                               5BD      5BD       B4         0
                text4                                B3       B3       12         0
                text3                               2B2      2B2       65         0
                text2                               3F7      3F7       85         0
                text1                               1C4      1C4       2B         0
                maintext                            671      671       B5         0
                inittext                             C5       C5       13         0
                idataBANK0                           9A       9A        C         0

        CLASS   STRCODE        

        CLASS   STRING         

        CLASS   CONST          

        CLASS   ENTRY          

        CLASS   COMMON         
                cstackCOMMON                         70       70        E         1

        CLASS   BANK0          
                cstackBANK0                          2C       2C        C         1
                dataBANK0                            20       20        C         1
                bssBANK0                             38       38        B         1
                nvBANK0                              43       43        2         1

        CLASS   BANK1          

        CLASS   BANK2          

        CLASS   BANK3          

        CLASS   RAM            

        CLASS   ABS1           
                abs_s1                               7E       7E        2         1

        CLASS   SFR0           

        CLASS   SFR1           

        CLASS   SFR2           

        CLASS   SFR3           

        CLASS   CONFIG         
                config                             2007     2007        1         0

        CLASS   IDLOC          

        CLASS   EEDATA         



SEGMENTS        Name                           Load    Length   Top    Selector   Space  Class     Delta

                reset_vec                      000000  000003  000003         0       0  CODE        2
                dataBANK0                      000020  000025  000045        20       1  BANK0       1
                cstackCOMMON                   000070  00000E  00007E        70       1  COMMON      1
                text24                         000074  000009  00007D        E8       0  CODE        2
                text22                         00007D  000009  000086        FA       0  CODE        2
                text8                          000086  000009  00008F       10C       0  CODE        2
                text23                         00008F  00000B  00009A       11E       0  CODE        2
                idataBANK0                     00009A  00000C  0000A6       134       0  CODE        2
                text25                         0000A6  00000D  0000B3       14C       0  CODE        2
                text4                          0000B3  000012  0000C5       166       0  CODE        2
                inittext                       0000C5  000013  0000D8       18A       0  CODE        2
                text14                         0000D8  000015  0000ED       1B0       0  CODE        2
                text18                         0000ED  00001D  00010A       1DA       0  CODE        2
                text16                         00010A  00001D  000127       214       0  CODE        2
                text21                         000127  00001E  000145       24E       0  CODE        2
                text9                          000145  00001E  000163       28A       0  CODE        2
                text20                         000163  000020  000183       2C6       0  CODE        2
                text19                         000183  000020  0001A3       306       0  CODE        2
                text10                         0001A3  000021  0001C4       346       0  CODE        2
                text1                          0001C4  00002B  0001EF       388       0  CODE        2
                text7                          0001EF  00002C  00021B       3DE       0  CODE        2
                text26                         00021B  00003C  000257       436       0  CODE        2
                text11                         000257  00005B  0002B2       4AE       0  CODE        2
                text3                          0002B2  000065  000317       564       0  CODE        2
                text12                         000317  000067  00037E       62E       0  CODE        2
                text17                         00037E  000079  0003F7       6FC       0  CODE        2
                text2                          0003F7  000085  00047C       7EE       0  CODE        2
                text6                          00047C  000093  00050F       8F8       0  CODE        2
                text13                         00050F  0000AE  0005BD       A1E       0  CODE        2
                text5                          0005BD  0000B4  000671       B7A       0  CODE        2
                maintext                       000671  0000B5  000726       CE2       0  CODE        2
                text15                         000726  0000BD  0007E3       E4C       0  CODE        2
                cinit                          0007E3  00001D  000800       FC6       0  CODE        2
                config                         002007  000001  002008      400E       0  CONFIG      2


UNUSED ADDRESS RANGES

        Name                Unused          Largest block    Delta
        BANK0            0045-006F             2B           1
        BANK1            00A0-00EF             50           1
        BANK2            0110-016F             60           1
        BANK3            0190-01EF             60           1
        CODE             0003-0073             71           2
                         0800-1FFF            800
        CONST            0003-0073             71           2
                         0800-1FFF            100
        EEDATA           2100-21FF            100           2
        ENTRY            0003-0073             71           2
                         0800-1FFF            100
        IDLOC            2000-2003              4           2
        RAM              0045-006F             2B           1
                         00A0-00EF             50
                         0110-016F             60
                         0190-01EF             60
        SFR0             0000-001F             20           1
        SFR1             0080-009F             20           1
        SFR2             0100-010F             10           1
        SFR3             0180-018F             10           1
        STACK            0110-016F             60           1
        STRCODE          0003-0073             71           2
                         0800-1FFF           1800
        STRING           0003-0073             71           2
                         0800-1FFF            100

                                  Symbol Table

?___awdiv                      cstackCOMMON 0070
?___awmod                      cstackCOMMON 0079
_ACKSTAT                       (abs)        048E
_ADCON1bits                    (abs)        009F
_AmPm                          bssBANK0     003A
_PORTA                         (abs)        0005
_PORTB                         (abs)        0006
_PORTBbits                     (abs)        0006
_PORTC                         (abs)        0007
_PORTD                         (abs)        0008
_RC3                           (abs)        003B
_RC4                           (abs)        003C
_SSPADD                        (abs)        0093
_SSPBUF                        (abs)        0013
_SSPCON                        (abs)        0014
_SSPCON2                       (abs)        0091
_SSPCON2bits                   (abs)        0091
_SSPSTAT                       (abs)        0094
_TRISA                         (abs)        0085
_TRISB                         (abs)        0086
_TRISCbits                     (abs)        0087
_TRISD                         (abs)        0088
__CFG_BOREN$OFF                (abs)        0000
__CFG_CP$OFF                   (abs)        0000
__CFG_CPD$OFF                  (abs)        0000
__CFG_FOSC$XT                  (abs)        0000
__CFG_LVP$OFF                  (abs)        0000
__CFG_PWRTE$OFF                (abs)        0000
__CFG_WDTE$OFF                 (abs)        0000
__CFG_WRT$OFF                  (abs)        0000
__Habs1                        abs1         0000
__Hbank0                       bank0        0000
__Hbank1                       bank1        0000
__Hbank2                       bank2        0000
__Hbank3                       bank3        0000
__HbssBANK0                    bssBANK0     0000
__Hcinit                       cinit        0800
__Hclrtext                     clrtext      0000
__Hcode                        code         0000
__Hcommon                      common       0000
__Hconfig                      config       2008
__HcstackBANK0                 cstackBANK0  0000
__HcstackCOMMON                cstackCOMMON 0000
__HdataBANK0                   dataBANK0    0000
__Heeprom_data                 eeprom_data  0000
__Hend_init                    end_init     0003
__Hfunctab                     functab      0000
__HidataBANK0                  idataBANK0   0000
__Hidloc                       idloc        0000
__Hinit                        init         0000
__Hinittext                    inittext     0000
__Hintentry                    intentry     0000
__Hmaintext                    maintext     0000
__HnvBANK0                     nvBANK0      0000
__Hpowerup                     powerup      0000
__Hram                         ram          0000
__Hreset_vec                   reset_vec    0000
__Hsfr0                        sfr0         0000
__Hsfr1                        sfr1         0000
__Hsfr2                        sfr2         0000
__Hsfr3                        sfr3         0000
__Hspace_0                     (abs)        2008
__Hspace_1                     (abs)        007E
__Hspace_2                     (abs)        0000
__Hspace_3                     (abs)        0000
__Hstack                       stack        0000
__Hstrings                     strings      0000
__Htext                        text         0000
__Labs1                        abs1         0000
__Lbank0                       bank0        0000
__Lbank1                       bank1        0000
__Lbank2                       bank2        0000
__Lbank3                       bank3        0000
__LbssBANK0                    bssBANK0     0000
__Lcinit                       cinit        07E3
__Lclrtext                     clrtext      0000
__Lcode                        code         0000
__Lcommon                      common       0000
__Lconfig                      config       2007
__LcstackBANK0                 cstackBANK0  0000
__LcstackCOMMON                cstackCOMMON 0000
__LdataBANK0                   dataBANK0    0000
__Leeprom_data                 eeprom_data  0000
__Lend_init                    end_init     0000
__Lfunctab                     functab      0000
__LidataBANK0                  idataBANK0   0000
__Lidloc                       idloc        0000
__Linit                        init         0000
__Linittext                    inittext     0000
__Lintentry                    intentry     0000
__Lmaintext                    maintext     0000
__LnvBANK0                     nvBANK0      0000
__Lpowerup                     powerup      0000
__Lram                         ram          0000
__Lreset_vec                   reset_vec    0000
__Lsfr0                        sfr0         0000
__Lsfr1                        sfr1         0000
__Lsfr2                        sfr2         0000
__Lsfr3                        sfr3         0000
__Lspace_0                     (abs)        0000
__Lspace_1                     (abs)        0000
__Lspace_2                     (abs)        0000
__Lspace_3                     (abs)        0000
__Lstack                       stack        0000
__Lstrings                     strings      0000
__Ltext                        text         0000
__S0                           (abs)        2008
__S1                           (abs)        007E
__S2                           (abs)        0000
__S3                           (abs)        0000
___awdiv                       text12       0317
___awdiv@counter               cstackCOMMON 0075
___awdiv@dividend              cstackCOMMON 0072
___awdiv@divisor               cstackCOMMON 0070
___awdiv@quotient              cstackCOMMON 0077
___awdiv@sign                  cstackCOMMON 0076
___awmod                       text11       0257
___awmod@counter               cstackBANK0  002C
___awmod@dividend              cstackCOMMON 007B
___awmod@divisor               cstackCOMMON 0079
___awmod@sign                  cstackBANK0  002D
___bmul                        text14       00D8
___bmul@multiplicand           cstackCOMMON 0070
___bmul@multiplier             cstackCOMMON 0073
___bmul@product                cstackCOMMON 0072
___int_sp                      stack        0000
___latbits                     (abs)        0002
___sp                          stack        0000
___stackhi                     (abs)        0000
___stacklo                     (abs)        0000
__end_of___awdiv               text12       037E
__end_of___awmod               text11       02B2
__end_of___bmul                text14       00ED
__end_of__initialization       cinit        07FC
__end_of_antiRebote            text26       0257
__end_of_controlBotones        text15       07E3
__end_of_convertirDato         text10       01C4
__end_of_convertirFormato      text13       05BD
__end_of_dameHoraActual        text6        050F
__end_of_dameTemperatura       text5        0671
__end_of_escribe_rtc           text21       0145
__end_of_i2c_detener           text24       007D
__end_of_i2c_envia_dato        text23       009A
__end_of_i2c_espera            text25       00B3
__end_of_i2c_inicia_com        text22       0086
__end_of_i2c_iniciar           text4        00C5
__end_of_i2c_recibe_dato       text9        0163
__end_of_i2c_reinicia_com      text8        008F
__end_of_leer_rtc              text7        021B
__end_of_main                  maintext     0726
__end_of_mostrarDigitos        text3        0317
__end_of_parpadearDigitos      text2        047C
__end_of_setRtcHora            text20       0183
__end_of_setRtcMinutos         text19       01A3
__end_of_validaDecenasMinutos  text18       010A
__end_of_validaHoras           text17       03F7
__end_of_validaMinutos         text16       0127
__end_of_verificaAmPm          text1        01EF
__initialization               cinit        07E3
__pbssBANK0                    bssBANK0     0038
__pcstackBANK0                 cstackBANK0  002C
__pcstackCOMMON                cstackCOMMON 0070
__pdataBANK0                   dataBANK0    0020
__pidataBANK0                  idataBANK0   009A
__pmaintext                    maintext     0671
__pnvBANK0                     nvBANK0      0043
__ptext1                       text1        01C4
__ptext10                      text10       01A3
__ptext11                      text11       0257
__ptext12                      text12       0317
__ptext13                      text13       050F
__ptext14                      text14       00D8
__ptext15                      text15       0726
__ptext16                      text16       010A
__ptext17                      text17       037E
__ptext18                      text18       00ED
__ptext19                      text19       0183
__ptext2                       text2        03F7
__ptext20                      text20       0163
__ptext21                      text21       0127
__ptext22                      text22       007D
__ptext23                      text23       008F
__ptext24                      text24       0074
__ptext25                      text25       00A6
__ptext26                      text26       021B
__ptext3                       text3        02B2
__ptext4                       text4        00B3
__ptext5                       text5        05BD
__ptext6                       text6        047C
__ptext7                       text7        01EF
__ptext8                       text8        0086
__ptext9                       text9        0145
__size_of___awdiv              (abs)        0000
__size_of___awmod              (abs)        0000
__size_of___bmul               (abs)        0000
__size_of_antiRebote           (abs)        0000
__size_of_controlBotones       (abs)        0000
__size_of_convertirDato        (abs)        0000
__size_of_convertirFormato     (abs)        0000
__size_of_dameHoraActual       (abs)        0000
__size_of_dameTemperatura      (abs)        0000
__size_of_escribe_rtc          (abs)        0000
__size_of_i2c_detener          (abs)        0000
__size_of_i2c_envia_dato       (abs)        0000
__size_of_i2c_espera           (abs)        0000
__size_of_i2c_inicia_com       (abs)        0000
__size_of_i2c_iniciar          (abs)        0000
__size_of_i2c_recibe_dato      (abs)        0000
__size_of_i2c_reinicia_com     (abs)        0000
__size_of_leer_rtc             (abs)        0000
__size_of_main                 (abs)        0000
__size_of_mostrarDigitos       (abs)        0000
__size_of_parpadearDigitos     (abs)        0000
__size_of_setRtcHora           (abs)        0000
__size_of_setRtcMinutos        (abs)        0000
__size_of_validaDecenasMinutos (abs)        0000
__size_of_validaHoras          (abs)        0000
__size_of_validaMinutos        (abs)        0000
__size_of_verificaAmPm         (abs)        0000
_antiRebote                    text26       021B
_contDecHora                   dataBANK0    002B
_contDecHoraAux                bssBANK0     0040
_contDecHoraMostrar            nvBANK0      0044
_contDecMin                    bssBANK0     0042
_contHora                      dataBANK0    002A
_contHoraAux                   bssBANK0     003F
_contHoraMostrar               nvBANK0      0043
_contMin                       bssBANK0     0041
_contadorBotonSet              bssBANK0     003C
_contadorBotonTemp             bssBANK0     0038
_controlBotones                text15       0726
_convertirDato                 text10       01A3
_convertirFormato              text13       050F
_dameHoraActual                text6        047C
_dameTemperatura               text5        05BD
_digitoActual                  bssBANK0     003E
_escribe_rtc                   text21       0127
_formato                       bssBANK0     003B
_i2c_detener                   text24       0074
_i2c_envia_dato                text23       008F
_i2c_espera                    text25       00A6
_i2c_inicia_com                text22       007D
_i2c_iniciar                   text4        00B3
_i2c_recibe_dato               text9        0145
_i2c_reinicia_com              text8        0086
_leer_rtc                      text7        01EF
_main                          maintext     0671
_mostrarDigitos                text3        02B2
_numeroActual                  bssBANK0     003D
_numeros                       dataBANK0    0020
_parpadearDigitos              text2        03F7
_setRtcHora                    text20       0163
_setRtcMinutos                 text19       0183
_validaDecenasMinutos          text18       00ED
_validaHoras                   text17       037E
_validaMinutos                 text16       010A
_verificaAmPm                  text1        01C4
antiRebote@pin                 cstackCOMMON 0070
btemp                          (abs)        007E
convertirDato@dato             cstackCOMMON 0077
convertirDato@datoR            cstackCOMMON 0078
convertirFormato@numeroEvaluar cstackCOMMON 0076
dameHoraActual@auxHora         cstackBANK0  0032
dameHoraActual@auxMin          cstackBANK0  0031
dameTemperatura@decenas        cstackBANK0  0034
dameTemperatura@repeticiones   cstackBANK0  0031
dameTemperatura@temperatura    cstackBANK0  0035
dameTemperatura@unidades       cstackBANK0  0033
end_of_initialization          cinit        07FC
escribe_rtc@dato               cstackCOMMON 0071
escribe_rtc@direccion          cstackCOMMON 0072
i2c_envia_dato@dato            cstackCOMMON 0070
i2c_recibe_dato@datoleido      cstackCOMMON 0071
init_fetch0                    inittext     00C5
init_ram0                      inittext     00C9
intlevel0                      functab      0000
intlevel1                      functab      0000
intlevel2                      functab      0000
intlevel3                      functab      0000
intlevel4                      functab      0000
intlevel5                      functab      0000
leer_rtc@dato                  cstackCOMMON 0074
leer_rtc@direccion             cstackCOMMON 0073
parpadearDigitos@repeticiones  cstackCOMMON 0072
reset_vec                      reset_vec    0000
setRtcHora@horaRtc             cstackCOMMON 0075
setRtcMinutos@minutosRtc       cstackCOMMON 0075
start                          init         0000
start_initialization           cinit        07E3
wtemp0                         (abs)        007E


FUNCTION INFORMATION:

 *************** function _main *****************
 Defined at:
		line 507 in file "main.c"
 Parameters:    Size  Location     Type
		None
 Auto vars:     Size  Location     Type
		None
 Return value:  Size  Location     Type
                  1    wreg      void 
 Registers used:
		wreg, fsr0l, fsr0h, status,2, status,0, btemp+1, pclath, cstack
 Tracked objects:
		On entry : 
		On exit  : 
		Unchanged: 
 Data sizes:     COMMON   BANK0   BANK1   BANK3   BANK2
      Params:         0       0       0       0       0
      Locals:         0       0       0       0       0
      Temps:          0       2       0       0       0
      Totals:         0       2       0       0       0
Total ram usage:        2 bytes
 Hardware stack levels required when called:    5
 This function calls:
		_antiRebote
		_controlBotones
		_convertirFormato
		_dameHoraActual
		_dameTemperatura
		_i2c_iniciar
		_mostrarDigitos
		_parpadearDigitos
		_verificaAmPm
 This function is called by:
		Startup code after reset
 This function uses a non-reentrant model


 *************** function _verificaAmPm *****************
 Defined at:
		line 320 in file "main.c"
 Parameters:    Size  Location     Type
		None
 Auto vars:     Size  Location     Type
		None
 Return value:  Size  Location     Type
                  1    wreg      void 
 Registers used:
		wreg, status,2, status,0
 Tracked objects:
		On entry : 
		On exit  : 
		Unchanged: 
 Data sizes:     COMMON   BANK0   BANK1   BANK3   BANK2
      Params:         0       0       0       0       0
      Locals:         0       0       0       0       0
      Temps:          0       0       0       0       0
      Totals:         0       0       0       0       0
Total ram usage:        0 bytes
 Hardware stack levels used:    1
 This function calls:
		Nothing
 This function is called by:
		_main
 This function uses a non-reentrant model


 *************** function _parpadearDigitos *****************
 Defined at:
		line 235 in file "main.c"
 Parameters:    Size  Location     Type
		None
 Auto vars:     Size  Location     Type
  repeticiones    1    2[COMMON] unsigned char 
 Return value:  Size  Location     Type
                  1    wreg      void 
 Registers used:
		wreg, fsr0l, fsr0h, status,2, status,0
 Tracked objects:
		On entry : 
		On exit  : 
		Unchanged: 
 Data sizes:     COMMON   BANK0   BANK1   BANK3   BANK2
      Params:         0       0       0       0       0
      Locals:         1       0       0       0       0
      Temps:          2       0       0       0       0
      Totals:         3       0       0       0       0
Total ram usage:        3 bytes
 Hardware stack levels used:    1
 This function calls:
		Nothing
 This function is called by:
		_main
 This function uses a non-reentrant model


 *************** function _mostrarDigitos *****************
 Defined at:
		line 292 in file "main.c"
 Parameters:    Size  Location     Type
		None
 Auto vars:     Size  Location     Type
		None
 Return value:  Size  Location     Type
                  1    wreg      void 
 Registers used:
		wreg, fsr0l, fsr0h, status,2, status,0, btemp+1
 Tracked objects:
		On entry : 
		On exit  : 
		Unchanged: 
 Data sizes:     COMMON   BANK0   BANK1   BANK3   BANK2
      Params:         0       0       0       0       0
      Locals:         0       0       0       0       0
      Temps:          2       0       0       0       0
      Totals:         2       0       0       0       0
Total ram usage:        2 bytes
 Hardware stack levels used:    1
 This function calls:
		Nothing
 This function is called by:
		_main
 This function uses a non-reentrant model


 *************** function _i2c_iniciar *****************
 Defined at:
		line 4 in file "./I2C.h"
 Parameters:    Size  Location     Type
		None
 Auto vars:     Size  Location     Type
		None
 Return value:  Size  Location     Type
                  1    wreg      void 
 Registers used:
		wreg, status,2
 Tracked objects:
		On entry : 
		On exit  : 
		Unchanged: 
 Data sizes:     COMMON   BANK0   BANK1   BANK3   BANK2
      Params:         0       0       0       0       0
      Locals:         0       0       0       0       0
      Temps:          0       0       0       0       0
      Totals:         0       0       0       0       0
Total ram usage:        0 bytes
 Hardware stack levels used:    1
 This function calls:
		Nothing
 This function is called by:
		_main
 This function uses a non-reentrant model


 *************** function _dameTemperatura *****************
 Defined at:
		line 112 in file "main.c"
 Parameters:    Size  Location     Type
		None
 Auto vars:     Size  Location     Type
  repeticiones    2    5[BANK0 ] short 
  temperatura     1    9[BANK0 ] unsigned char 
  decenas         1    8[BANK0 ] unsigned char 
  unidades        1    7[BANK0 ] unsigned char 
 Return value:  Size  Location     Type
                  1    wreg      void 
 Registers used:
		wreg, fsr0l, fsr0h, status,2, status,0, btemp+1, pclath, cstack
 Tracked objects:
		On entry : 
		On exit  : 
		Unchanged: 
 Data sizes:     COMMON   BANK0   BANK1   BANK3   BANK2
      Params:         0       0       0       0       0
      Locals:         0       5       0       0       0
      Temps:          0       3       0       0       0
      Totals:         0       8       0       0       0
Total ram usage:        8 bytes
 Hardware stack levels used:    1
 Hardware stack levels required when called:    3
 This function calls:
		___awdiv
		___awmod
		_antiRebote
		_leer_rtc
 This function is called by:
		_main
 This function uses a non-reentrant model


 *************** function _dameHoraActual *****************
 Defined at:
		line 462 in file "main.c"
 Parameters:    Size  Location     Type
		None
 Auto vars:     Size  Location     Type
  auxHora         1    6[BANK0 ] unsigned char 
  auxMin          1    5[BANK0 ] unsigned char 
 Return value:  Size  Location     Type
                  1    wreg      void 
 Registers used:
		wreg, status,2, status,0, pclath, cstack
 Tracked objects:
		On entry : 
		On exit  : 
		Unchanged: 
 Data sizes:     COMMON   BANK0   BANK1   BANK3   BANK2
      Params:         0       0       0       0       0
      Locals:         0       2       0       0       0
      Temps:          0       3       0       0       0
      Totals:         0       5       0       0       0
Total ram usage:        5 bytes
 Hardware stack levels used:    1
 Hardware stack levels required when called:    3
 This function calls:
		___awdiv
		___awmod
		_convertirDato
		_leer_rtc
 This function is called by:
		_main
 This function uses a non-reentrant model


 *************** function _leer_rtc *****************
 Defined at:
		line 13 in file "./RTC.h"
 Parameters:    Size  Location     Type
  direccion       1    wreg     unsigned char 
 Auto vars:     Size  Location     Type
  direccion       1    3[COMMON] unsigned char 
  dato            1    4[COMMON] unsigned char 
 Return value:  Size  Location     Type
                  1    wreg      unsigned char 
 Registers used:
		wreg, status,2, status,0, pclath, cstack
 Tracked objects:
		On entry : 
		On exit  : 
		Unchanged: 
 Data sizes:     COMMON   BANK0   BANK1   BANK3   BANK2
      Params:         0       0       0       0       0
      Locals:         2       0       0       0       0
      Temps:          1       0       0       0       0
      Totals:         3       0       0       0       0
Total ram usage:        3 bytes
 Hardware stack levels used:    1
 Hardware stack levels required when called:    2
 This function calls:
		_i2c_detener
		_i2c_envia_dato
		_i2c_inicia_com
		_i2c_recibe_dato
		_i2c_reinicia_com
 This function is called by:
		_dameTemperatura
		_dameHoraActual
 This function uses a non-reentrant model


 *************** function _i2c_reinicia_com *****************
 Defined at:
		line 37 in file "./I2C.h"
 Parameters:    Size  Location     Type
		None
 Auto vars:     Size  Location     Type
		None
 Return value:  Size  Location     Type
                  1    wreg      void 
 Registers used:
		wreg, status,2, status,0, pclath, cstack
 Tracked objects:
		On entry : 
		On exit  : 
		Unchanged: 
 Data sizes:     COMMON   BANK0   BANK1   BANK3   BANK2
      Params:         0       0       0       0       0
      Locals:         0       0       0       0       0
      Temps:          0       0       0       0       0
      Totals:         0       0       0       0       0
Total ram usage:        0 bytes
 Hardware stack levels used:    1
 Hardware stack levels required when called:    1
 This function calls:
		_i2c_espera
 This function is called by:
		_leer_rtc
 This function uses a non-reentrant model


 *************** function _i2c_recibe_dato *****************
 Defined at:
		line 68 in file "./I2C.h"
 Parameters:    Size  Location     Type
		None
 Auto vars:     Size  Location     Type
  datoleido       1    1[COMMON] unsigned char 
 Return value:  Size  Location     Type
                  1    wreg      unsigned char 
 Registers used:
		wreg, status,2, status,0, pclath, cstack
 Tracked objects:
		On entry : 
		On exit  : 
		Unchanged: 
 Data sizes:     COMMON   BANK0   BANK1   BANK3   BANK2
      Params:         0       0       0       0       0
      Locals:         1       0       0       0       0
      Temps:          1       0       0       0       0
      Totals:         2       0       0       0       0
Total ram usage:        2 bytes
 Hardware stack levels used:    1
 Hardware stack levels required when called:    1
 This function calls:
		_i2c_espera
 This function is called by:
		_leer_rtc
 This function uses a non-reentrant model


 *************** function _convertirDato *****************
 Defined at:
		line 28 in file "./RTC.h"
 Parameters:    Size  Location     Type
  dato            1    wreg     unsigned char 
 Auto vars:     Size  Location     Type
  dato            1    7[COMMON] unsigned char 
  datoR           1    8[COMMON] unsigned char 
 Return value:  Size  Location     Type
                  1    wreg      unsigned char 
 Registers used:
		wreg, status,2, status,0, pclath, cstack
 Tracked objects:
		On entry : 
		On exit  : 
		Unchanged: 
 Data sizes:     COMMON   BANK0   BANK1   BANK3   BANK2
      Params:         0       0       0       0       0
      Locals:         2       0       0       0       0
      Temps:          3       0       0       0       0
      Totals:         5       0       0       0       0
Total ram usage:        5 bytes
 Hardware stack levels used:    1
 Hardware stack levels required when called:    1
 This function calls:
		___bmul
 This function is called by:
		_dameHoraActual
 This function uses a non-reentrant model


 *************** function ___awmod *****************
 Defined at:
		line 5 in file "C:\Program Files (x86)\Microchip\xc8\v2.10\pic\sources\c90\common\awmod.c"
 Parameters:    Size  Location     Type
  divisor         2    9[COMMON] int 
  dividend        2   11[COMMON] int 
 Auto vars:     Size  Location     Type
  sign            1    1[BANK0 ] unsigned char 
  counter         1    0[BANK0 ] unsigned char 
 Return value:  Size  Location     Type
                  2    9[COMMON] int 
 Registers used:
		wreg, status,2, status,0
 Tracked objects:
		On entry : 
		On exit  : 
		Unchanged: 
 Data sizes:     COMMON   BANK0   BANK1   BANK3   BANK2
      Params:         4       0       0       0       0
      Locals:         0       2       0       0       0
      Temps:          1       0       0       0       0
      Totals:         5       2       0       0       0
Total ram usage:        7 bytes
 Hardware stack levels used:    1
 This function calls:
		Nothing
 This function is called by:
		_dameTemperatura
		_dameHoraActual
 This function uses a non-reentrant model


 *************** function ___awdiv *****************
 Defined at:
		line 5 in file "C:\Program Files (x86)\Microchip\xc8\v2.10\pic\sources\c90\common\awdiv.c"
 Parameters:    Size  Location     Type
  divisor         2    0[COMMON] int 
  dividend        2    2[COMMON] int 
 Auto vars:     Size  Location     Type
  quotient        2    7[COMMON] int 
  sign            1    6[COMMON] unsigned char 
  counter         1    5[COMMON] unsigned char 
 Return value:  Size  Location     Type
                  2    0[COMMON] int 
 Registers used:
		wreg, status,2, status,0
 Tracked objects:
		On entry : 
		On exit  : 
		Unchanged: 
 Data sizes:     COMMON   BANK0   BANK1   BANK3   BANK2
      Params:         4       0       0       0       0
      Locals:         4       0       0       0       0
      Temps:          1       0       0       0       0
      Totals:         9       0       0       0       0
Total ram usage:        9 bytes
 Hardware stack levels used:    1
 This function calls:
		Nothing
 This function is called by:
		_dameTemperatura
		_dameHoraActual
 This function uses a non-reentrant model


 *************** function _convertirFormato *****************
 Defined at:
		line 333 in file "main.c"
 Parameters:    Size  Location     Type
		None
 Auto vars:     Size  Location     Type
  numeroEvalua    1    6[COMMON] unsigned char 
 Return value:  Size  Location     Type
                  1    wreg      void 
 Registers used:
		wreg, fsr0l, fsr0h, status,2, status,0, pclath, cstack
 Tracked objects:
		On entry : 
		On exit  : 
		Unchanged: 
 Data sizes:     COMMON   BANK0   BANK1   BANK3   BANK2
      Params:         0       0       0       0       0
      Locals:         1       0       0       0       0
      Temps:          2       0       0       0       0
      Totals:         3       0       0       0       0
Total ram usage:        3 bytes
 Hardware stack levels used:    1
 Hardware stack levels required when called:    1
 This function calls:
		___bmul
 This function is called by:
		_main
 This function uses a non-reentrant model


 *************** function ___bmul *****************
 Defined at:
		line 4 in file "C:\Program Files (x86)\Microchip\xc8\v2.10\pic\sources\c90\common\Umul8.c"
 Parameters:    Size  Location     Type
  multiplier      1    wreg     unsigned char 
  multiplicand    1    0[COMMON] unsigned char 
 Auto vars:     Size  Location     Type
  multiplier      1    3[COMMON] unsigned char 
  product         1    2[COMMON] unsigned char 
 Return value:  Size  Location     Type
                  1    wreg      unsigned char 
 Registers used:
		wreg, status,2, status,0
 Tracked objects:
		On entry : 
		On exit  : 
		Unchanged: 
 Data sizes:     COMMON   BANK0   BANK1   BANK3   BANK2
      Params:         1       0       0       0       0
      Locals:         2       0       0       0       0
      Temps:          1       0       0       0       0
      Totals:         4       0       0       0       0
Total ram usage:        4 bytes
 Hardware stack levels used:    1
 This function calls:
		Nothing
 This function is called by:
		_convertirDato
		_convertirFormato
 This function uses a non-reentrant model


 *************** function _controlBotones *****************
 Defined at:
		line 152 in file "main.c"
 Parameters:    Size  Location     Type
		None
 Auto vars:     Size  Location     Type
		None
 Return value:  Size  Location     Type
                  1    wreg      void 
 Registers used:
		wreg, fsr0l, fsr0h, status,2, status,0, pclath, cstack
 Tracked objects:
		On entry : 
		On exit  : 
		Unchanged: 
 Data sizes:     COMMON   BANK0   BANK1   BANK3   BANK2
      Params:         0       0       0       0       0
      Locals:         0       0       0       0       0
      Temps:          2       0       0       0       0
      Totals:         2       0       0       0       0
Total ram usage:        2 bytes
 Hardware stack levels used:    1
 Hardware stack levels required when called:    4
 This function calls:
		_antiRebote
		_setRtcHora
		_setRtcMinutos
		_validaDecenasMinutos
		_validaHoras
		_validaMinutos
 This function is called by:
		_main
 This function uses a non-reentrant model


 *************** function _validaMinutos *****************
 Defined at:
		line 74 in file "main.c"
 Parameters:    Size  Location     Type
		None
 Auto vars:     Size  Location     Type
		None
 Return value:  Size  Location     Type
                  1    wreg      void 
 Registers used:
		wreg, fsr0l, fsr0h, status,2, status,0
 Tracked objects:
		On entry : 
		On exit  : 
		Unchanged: 
 Data sizes:     COMMON   BANK0   BANK1   BANK3   BANK2
      Params:         0       0       0       0       0
      Locals:         0       0       0       0       0
      Temps:          1       0       0       0       0
      Totals:         1       0       0       0       0
Total ram usage:        1 bytes
 Hardware stack levels used:    1
 This function calls:
		Nothing
 This function is called by:
		_controlBotones
 This function uses a non-reentrant model


 *************** function _validaHoras *****************
 Defined at:
		line 90 in file "main.c"
 Parameters:    Size  Location     Type
		None
 Auto vars:     Size  Location     Type
		None
 Return value:  Size  Location     Type
                  1    wreg      void 
 Registers used:
		wreg, fsr0l, fsr0h, status,2, status,0
 Tracked objects:
		On entry : 
		On exit  : 
		Unchanged: 
 Data sizes:     COMMON   BANK0   BANK1   BANK3   BANK2
      Params:         0       0       0       0       0
      Locals:         0       0       0       0       0
      Temps:          1       0       0       0       0
      Totals:         1       0       0       0       0
Total ram usage:        1 bytes
 Hardware stack levels used:    1
 This function calls:
		Nothing
 This function is called by:
		_controlBotones
 This function uses a non-reentrant model


 *************** function _validaDecenasMinutos *****************
 Defined at:
		line 82 in file "main.c"
 Parameters:    Size  Location     Type
		None
 Auto vars:     Size  Location     Type
		None
 Return value:  Size  Location     Type
                  1    wreg      void 
 Registers used:
		wreg, fsr0l, fsr0h, status,2, status,0
 Tracked objects:
		On entry : 
		On exit  : 
		Unchanged: 
 Data sizes:     COMMON   BANK0   BANK1   BANK3   BANK2
      Params:         0       0       0       0       0
      Locals:         0       0       0       0       0
      Temps:          1       0       0       0       0
      Totals:         1       0       0       0       0
Total ram usage:        1 bytes
 Hardware stack levels used:    1
 This function calls:
		Nothing
 This function is called by:
		_controlBotones
 This function uses a non-reentrant model


 *************** function _setRtcMinutos *****************
 Defined at:
		line 498 in file "main.c"
 Parameters:    Size  Location     Type
		None
 Auto vars:     Size  Location     Type
  minutosRtc      1    5[COMMON] unsigned char 
 Return value:  Size  Location     Type
                  1    wreg      void 
 Registers used:
		wreg, status,2, status,0, pclath, cstack
 Tracked objects:
		On entry : 
		On exit  : 
		Unchanged: 
 Data sizes:     COMMON   BANK0   BANK1   BANK3   BANK2
      Params:         0       0       0       0       0
      Locals:         1       0       0       0       0
      Temps:          2       0       0       0       0
      Totals:         3       0       0       0       0
Total ram usage:        3 bytes
 Hardware stack levels used:    1
 Hardware stack levels required when called:    3
 This function calls:
		_escribe_rtc
 This function is called by:
		_controlBotones
 This function uses a non-reentrant model


 *************** function _setRtcHora *****************
 Defined at:
		line 488 in file "main.c"
 Parameters:    Size  Location     Type
		None
 Auto vars:     Size  Location     Type
  horaRtc         1    5[COMMON] unsigned char 
 Return value:  Size  Location     Type
                  1    wreg      void 
 Registers used:
		wreg, status,2, status,0, pclath, cstack
 Tracked objects:
		On entry : 
		On exit  : 
		Unchanged: 
 Data sizes:     COMMON   BANK0   BANK1   BANK3   BANK2
      Params:         0       0       0       0       0
      Locals:         1       0       0       0       0
      Temps:          2       0       0       0       0
      Totals:         3       0       0       0       0
Total ram usage:        3 bytes
 Hardware stack levels used:    1
 Hardware stack levels required when called:    3
 This function calls:
		_escribe_rtc
 This function is called by:
		_controlBotones
 This function uses a non-reentrant model


 *************** function _escribe_rtc *****************
 Defined at:
		line 2 in file "./RTC.h"
 Parameters:    Size  Location     Type
  direccion       1    wreg     unsigned char 
  dato            1    1[COMMON] unsigned char 
 Auto vars:     Size  Location     Type
  direccion       1    2[COMMON] unsigned char 
 Return value:  Size  Location     Type
                  1    wreg      void 
 Registers used:
		wreg, status,2, status,0, pclath, cstack
 Tracked objects:
		On entry : 
		On exit  : 
		Unchanged: 
 Data sizes:     COMMON   BANK0   BANK1   BANK3   BANK2
      Params:         1       0       0       0       0
      Locals:         1       0       0       0       0
      Temps:          0       0       0       0       0
      Totals:         2       0       0       0       0
Total ram usage:        2 bytes
 Hardware stack levels used:    1
 Hardware stack levels required when called:    2
 This function calls:
		_i2c_detener
		_i2c_envia_dato
		_i2c_inicia_com
 This function is called by:
		_setRtcHora
		_setRtcMinutos
		_setRtcDefault
 This function uses a non-reentrant model


 *************** function _i2c_inicia_com *****************
 Defined at:
		line 28 in file "./I2C.h"
 Parameters:    Size  Location     Type
		None
 Auto vars:     Size  Location     Type
		None
 Return value:  Size  Location     Type
                  1    wreg      void 
 Registers used:
		wreg, status,2, status,0, pclath, cstack
 Tracked objects:
		On entry : 
		On exit  : 
		Unchanged: 
 Data sizes:     COMMON   BANK0   BANK1   BANK3   BANK2
      Params:         0       0       0       0       0
      Locals:         0       0       0       0       0
      Temps:          0       0       0       0       0
      Totals:         0       0       0       0       0
Total ram usage:        0 bytes
 Hardware stack levels used:    1
 Hardware stack levels required when called:    1
 This function calls:
		_i2c_espera
 This function is called by:
		_escribe_rtc
		_leer_rtc
 This function uses a non-reentrant model


 *************** function _i2c_envia_dato *****************
 Defined at:
		line 57 in file "./I2C.h"
 Parameters:    Size  Location     Type
  dato            1    wreg     unsigned char 
 Auto vars:     Size  Location     Type
  dato            1    0[COMMON] unsigned char 
 Return value:  Size  Location     Type
                  1    wreg      unsigned char 
 Registers used:
		wreg, status,2, status,0, pclath, cstack
 Tracked objects:
		On entry : 
		On exit  : 
		Unchanged: 
 Data sizes:     COMMON   BANK0   BANK1   BANK3   BANK2
      Params:         0       0       0       0       0
      Locals:         1       0       0       0       0
      Temps:          0       0       0       0       0
      Totals:         1       0       0       0       0
Total ram usage:        1 bytes
 Hardware stack levels used:    1
 Hardware stack levels required when called:    1
 This function calls:
		_i2c_espera
 This function is called by:
		_escribe_rtc
		_leer_rtc
 This function uses a non-reentrant model


 *************** function _i2c_detener *****************
 Defined at:
		line 46 in file "./I2C.h"
 Parameters:    Size  Location     Type
		None
 Auto vars:     Size  Location     Type
		None
 Return value:  Size  Location     Type
                  1    wreg      void 
 Registers used:
		wreg, status,2, status,0, pclath, cstack
 Tracked objects:
		On entry : 
		On exit  : 
		Unchanged: 
 Data sizes:     COMMON   BANK0   BANK1   BANK3   BANK2
      Params:         0       0       0       0       0
      Locals:         0       0       0       0       0
      Temps:          0       0       0       0       0
      Totals:         0       0       0       0       0
Total ram usage:        0 bytes
 Hardware stack levels used:    1
 Hardware stack levels required when called:    1
 This function calls:
		_i2c_espera
 This function is called by:
		_escribe_rtc
		_leer_rtc
 This function uses a non-reentrant model


 *************** function _i2c_espera *****************
 Defined at:
		line 20 in file "./I2C.h"
 Parameters:    Size  Location     Type
		None
 Auto vars:     Size  Location     Type
		None
 Return value:  Size  Location     Type
                  1    wreg      void 
 Registers used:
		wreg, status,2
 Tracked objects:
		On entry : 
		On exit  : 
		Unchanged: 
 Data sizes:     COMMON   BANK0   BANK1   BANK3   BANK2
      Params:         0       0       0       0       0
      Locals:         0       0       0       0       0
      Temps:          0       0       0       0       0
      Totals:         0       0       0       0       0
Total ram usage:        0 bytes
 Hardware stack levels used:    1
 This function calls:
		Nothing
 This function is called by:
		_i2c_inicia_com
		_i2c_reinicia_com
		_i2c_detener
		_i2c_envia_dato
		_i2c_recibe_dato
 This function uses a non-reentrant model


 *************** function _antiRebote *****************
 Defined at:
		line 47 in file "main.c"
 Parameters:    Size  Location     Type
  pin             2    0[COMMON] unsigned int 
 Auto vars:     Size  Location     Type
		None
 Return value:  Size  Location     Type
                  1    wreg      void 
 Registers used:
		wreg, fsr0l, fsr0h, status,2, status,0
 Tracked objects:
		On entry : 
		On exit  : 
		Unchanged: 
 Data sizes:     COMMON   BANK0   BANK1   BANK3   BANK2
      Params:         2       0       0       0       0
      Locals:         0       0       0       0       0
      Temps:          2       0       0       0       0
      Totals:         4       0       0       0       0
Total ram usage:        4 bytes
 Hardware stack levels used:    1
 This function calls:
		Nothing
 This function is called by:
		_dameTemperatura
		_controlBotones
		_main
 This function uses a non-reentrant model



MODULE INFORMATION

Module		Function		Class		Link	Load	Size
C:\Program Files (x86)\Microchip\xc8\v2.10\pic\sources\c90\common\awdiv.c
		___awdiv       		CODE           	0317	0000	104

C:\Program Files (x86)\Microchip\xc8\v2.10\pic\sources\c90\common\awdiv.c estimated size: 104

C:\Program Files (x86)\Microchip\xc8\v2.10\pic\sources\c90\common\Umul8.c
		___bmul        		CODE           	00D8	0000	22

C:\Program Files (x86)\Microchip\xc8\v2.10\pic\sources\c90\common\Umul8.c estimated size: 22

./RTC.h
		_leer_rtc      		CODE           	01EF	0000	45
		_convertirDato 		CODE           	01A3	0000	34
		_escribe_rtc   		CODE           	0127	0000	31

./RTC.h estimated size: 110

shared
		__initialization		CODE           	07E3	0000	26

shared estimated size: 26

C:\Program Files (x86)\Microchip\xc8\v2.10\pic\sources\c90\common\awmod.c
		___awmod       		CODE           	0257	0000	92

C:\Program Files (x86)\Microchip\xc8\v2.10\pic\sources\c90\common\awmod.c estimated size: 92

./I2C.h
		_i2c_inicia_com		CODE           	007D	0000	10
		_i2c_envia_dato		CODE           	008F	0000	12
		_i2c_reinicia_com		CODE           	0086	0000	10
		_i2c_detener   		CODE           	0074	0000	10
		_i2c_espera    		CODE           	00A6	0000	14
		_i2c_recibe_dato		CODE           	0145	0000	31
		_i2c_iniciar   		CODE           	00B3	0000	19

./I2C.h estimated size: 106

main.c
		_setRtcHora    		CODE           	0163	0000	33
		_validaHoras   		CODE           	037E	0000	122
		_mostrarDigitos		CODE           	02B2	0000	102
		_verificaAmPm  		CODE           	01C4	0000	44
		_main          		CODE           	0671	0000	182
		_dameTemperatura		CODE           	05BD	0000	181
		_controlBotones		CODE           	0726	0000	190
		_setRtcMinutos 		CODE           	0183	0000	33
		_parpadearDigitos		CODE           	03F7	0000	134
		_antiRebote    		CODE           	021B	0000	61
		_validaMinutos 		CODE           	010A	0000	30
		_dameHoraActual		CODE           	047C	0000	148
		_convertirFormato		CODE           	050F	0000	175
		_validaDecenasMinutos		CODE           	00ED	0000	30

main.c estimated size: 1465



FUNCTION INFORMATION:

 *************** function _main *****************
 Defined at:
		line 507 in file "main.c"
 Parameters:    Size  Location     Type
		None
 Auto vars:     Size  Location     Type
		None
 Return value:  Size  Location     Type
                  1    wreg      void 
 Registers used:
		wreg, fsr0l, fsr0h, status,2, status,0, btemp+1, pclath, cstack
 Tracked objects:
		On entry : 
		On exit  : 
		Unchanged: 
 Data sizes:     COMMON   BANK0   BANK1   BANK3   BANK2
      Params:         0       0       0       0       0
      Locals:         0       0       0       0       0
      Temps:          0       2       0       0       0
      Totals:         0       2       0       0       0
Total ram usage:        2 bytes
 Hardware stack levels required when called:    5
 This function calls:
		_antiRebote
		_controlBotones
		_convertirFormato
		_dameHoraActual
		_dameTemperatura
		_i2c_iniciar
		_mostrarDigitos
		_parpadearDigitos
		_verificaAmPm
 This function is called by:
		Startup code after reset
 This function uses a non-reentrant model


 *************** function _verificaAmPm *****************
 Defined at:
		line 320 in file "main.c"
 Parameters:    Size  Location     Type
		None
 Auto vars:     Size  Location     Type
		None
 Return value:  Size  Location     Type
                  1    wreg      void 
 Registers used:
		wreg, status,2, status,0
 Tracked objects:
		On entry : 
		On exit  : 
		Unchanged: 
 Data sizes:     COMMON   BANK0   BANK1   BANK3   BANK2
      Params:         0       0       0       0       0
      Locals:         0       0       0       0       0
      Temps:          0       0       0       0       0
      Totals:         0       0       0       0       0
Total ram usage:        0 bytes
 Hardware stack levels used:    1
 This function calls:
		Nothing
 This function is called by:
		_main
 This function uses a non-reentrant model


 *************** function _parpadearDigitos *****************
 Defined at:
		line 235 in file "main.c"
 Parameters:    Size  Location     Type
		None
 Auto vars:     Size  Location     Type
  repeticiones    1    2[COMMON] unsigned char 
 Return value:  Size  Location     Type
                  1    wreg      void 
 Registers used:
		wreg, fsr0l, fsr0h, status,2, status,0
 Tracked objects:
		On entry : 
		On exit  : 
		Unchanged: 
 Data sizes:     COMMON   BANK0   BANK1   BANK3   BANK2
      Params:         0       0       0       0       0
      Locals:         1       0       0       0       0
      Temps:          2       0       0       0       0
      Totals:         3       0       0       0       0
Total ram usage:        3 bytes
 Hardware stack levels used:    1
 This function calls:
		Nothing
 This function is called by:
		_main
 This function uses a non-reentrant model


 *************** function _mostrarDigitos *****************
 Defined at:
		line 292 in file "main.c"
 Parameters:    Size  Location     Type
		None
 Auto vars:     Size  Location     Type
		None
 Return value:  Size  Location     Type
                  1    wreg      void 
 Registers used:
		wreg, fsr0l, fsr0h, status,2, status,0, btemp+1
 Tracked objects:
		On entry : 
		On exit  : 
		Unchanged: 
 Data sizes:     COMMON   BANK0   BANK1   BANK3   BANK2
      Params:         0       0       0       0       0
      Locals:         0       0       0       0       0
      Temps:          2       0       0       0       0
      Totals:         2       0       0       0       0
Total ram usage:        2 bytes
 Hardware stack levels used:    1
 This function calls:
		Nothing
 This function is called by:
		_main
 This function uses a non-reentrant model


 *************** function _i2c_iniciar *****************
 Defined at:
		line 4 in file "./I2C.h"
 Parameters:    Size  Location     Type
		None
 Auto vars:     Size  Location     Type
		None
 Return value:  Size  Location     Type
                  1    wreg      void 
 Registers used:
		wreg, status,2
 Tracked objects:
		On entry : 
		On exit  : 
		Unchanged: 
 Data sizes:     COMMON   BANK0   BANK1   BANK3   BANK2
      Params:         0       0       0       0       0
      Locals:         0       0       0       0       0
      Temps:          0       0       0       0       0
      Totals:         0       0       0       0       0
Total ram usage:        0 bytes
 Hardware stack levels used:    1
 This function calls:
		Nothing
 This function is called by:
		_main
 This function uses a non-reentrant model


 *************** function _dameTemperatura *****************
 Defined at:
		line 112 in file "main.c"
 Parameters:    Size  Location     Type
		None
 Auto vars:     Size  Location     Type
  repeticiones    2    5[BANK0 ] short 
  temperatura     1    9[BANK0 ] unsigned char 
  decenas         1    8[BANK0 ] unsigned char 
  unidades        1    7[BANK0 ] unsigned char 
 Return value:  Size  Location     Type
                  1    wreg      void 
 Registers used:
		wreg, fsr0l, fsr0h, status,2, status,0, btemp+1, pclath, cstack
 Tracked objects:
		On entry : 
		On exit  : 
		Unchanged: 
 Data sizes:     COMMON   BANK0   BANK1   BANK3   BANK2
      Params:         0       0       0       0       0
      Locals:         0       5       0       0       0
      Temps:          0       3       0       0       0
      Totals:         0       8       0       0       0
Total ram usage:        8 bytes
 Hardware stack levels used:    1
 Hardware stack levels required when called:    3
 This function calls:
		___awdiv
		___awmod
		_antiRebote
		_leer_rtc
 This function is called by:
		_main
 This function uses a non-reentrant model


 *************** function _dameHoraActual *****************
 Defined at:
		line 462 in file "main.c"
 Parameters:    Size  Location     Type
		None
 Auto vars:     Size  Location     Type
  auxHora         1    6[BANK0 ] unsigned char 
  auxMin          1    5[BANK0 ] unsigned char 
 Return value:  Size  Location     Type
                  1    wreg      void 
 Registers used:
		wreg, status,2, status,0, pclath, cstack
 Tracked objects:
		On entry : 
		On exit  : 
		Unchanged: 
 Data sizes:     COMMON   BANK0   BANK1   BANK3   BANK2
      Params:         0       0       0       0       0
      Locals:         0       2       0       0       0
      Temps:          0       3       0       0       0
      Totals:         0       5       0       0       0
Total ram usage:        5 bytes
 Hardware stack levels used:    1
 Hardware stack levels required when called:    3
 This function calls:
		___awdiv
		___awmod
		_convertirDato
		_leer_rtc
 This function is called by:
		_main
 This function uses a non-reentrant model


 *************** function _leer_rtc *****************
 Defined at:
		line 13 in file "./RTC.h"
 Parameters:    Size  Location     Type
  direccion       1    wreg     unsigned char 
 Auto vars:     Size  Location     Type
  direccion       1    3[COMMON] unsigned char 
  dato            1    4[COMMON] unsigned char 
 Return value:  Size  Location     Type
                  1    wreg      unsigned char 
 Registers used:
		wreg, status,2, status,0, pclath, cstack
 Tracked objects:
		On entry : 
		On exit  : 
		Unchanged: 
 Data sizes:     COMMON   BANK0   BANK1   BANK3   BANK2
      Params:         0       0       0       0       0
      Locals:         2       0       0       0       0
      Temps:          1       0       0       0       0
      Totals:         3       0       0       0       0
Total ram usage:        3 bytes
 Hardware stack levels used:    1
 Hardware stack levels required when called:    2
 This function calls:
		_i2c_detener
		_i2c_envia_dato
		_i2c_inicia_com
		_i2c_recibe_dato
		_i2c_reinicia_com
 This function is called by:
		_dameTemperatura
		_dameHoraActual
 This function uses a non-reentrant model


 *************** function _i2c_reinicia_com *****************
 Defined at:
		line 37 in file "./I2C.h"
 Parameters:    Size  Location     Type
		None
 Auto vars:     Size  Location     Type
		None
 Return value:  Size  Location     Type
                  1    wreg      void 
 Registers used:
		wreg, status,2, status,0, pclath, cstack
 Tracked objects:
		On entry : 
		On exit  : 
		Unchanged: 
 Data sizes:     COMMON   BANK0   BANK1   BANK3   BANK2
      Params:         0       0       0       0       0
      Locals:         0       0       0       0       0
      Temps:          0       0       0       0       0
      Totals:         0       0       0       0       0
Total ram usage:        0 bytes
 Hardware stack levels used:    1
 Hardware stack levels required when called:    1
 This function calls:
		_i2c_espera
 This function is called by:
		_leer_rtc
 This function uses a non-reentrant model


 *************** function _i2c_recibe_dato *****************
 Defined at:
		line 68 in file "./I2C.h"
 Parameters:    Size  Location     Type
		None
 Auto vars:     Size  Location     Type
  datoleido       1    1[COMMON] unsigned char 
 Return value:  Size  Location     Type
                  1    wreg      unsigned char 
 Registers used:
		wreg, status,2, status,0, pclath, cstack
 Tracked objects:
		On entry : 
		On exit  : 
		Unchanged: 
 Data sizes:     COMMON   BANK0   BANK1   BANK3   BANK2
      Params:         0       0       0       0       0
      Locals:         1       0       0       0       0
      Temps:          1       0       0       0       0
      Totals:         2       0       0       0       0
Total ram usage:        2 bytes
 Hardware stack levels used:    1
 Hardware stack levels required when called:    1
 This function calls:
		_i2c_espera
 This function is called by:
		_leer_rtc
 This function uses a non-reentrant model


 *************** function _convertirDato *****************
 Defined at:
		line 28 in file "./RTC.h"
 Parameters:    Size  Location     Type
  dato            1    wreg     unsigned char 
 Auto vars:     Size  Location     Type
  dato            1    7[COMMON] unsigned char 
  datoR           1    8[COMMON] unsigned char 
 Return value:  Size  Location     Type
                  1    wreg      unsigned char 
 Registers used:
		wreg, status,2, status,0, pclath, cstack
 Tracked objects:
		On entry : 
		On exit  : 
		Unchanged: 
 Data sizes:     COMMON   BANK0   BANK1   BANK3   BANK2
      Params:         0       0       0       0       0
      Locals:         2       0       0       0       0
      Temps:          3       0       0       0       0
      Totals:         5       0       0       0       0
Total ram usage:        5 bytes
 Hardware stack levels used:    1
 Hardware stack levels required when called:    1
 This function calls:
		___bmul
 This function is called by:
		_dameHoraActual
 This function uses a non-reentrant model


 *************** function ___awmod *****************
 Defined at:
		line 5 in file "C:\Program Files (x86)\Microchip\xc8\v2.10\pic\sources\c90\common\awmod.c"
 Parameters:    Size  Location     Type
  divisor         2    9[COMMON] int 
  dividend        2   11[COMMON] int 
 Auto vars:     Size  Location     Type
  sign            1    1[BANK0 ] unsigned char 
  counter         1    0[BANK0 ] unsigned char 
 Return value:  Size  Location     Type
                  2    9[COMMON] int 
 Registers used:
		wreg, status,2, status,0
 Tracked objects:
		On entry : 
		On exit  : 
		Unchanged: 
 Data sizes:     COMMON   BANK0   BANK1   BANK3   BANK2
      Params:         4       0       0       0       0
      Locals:         0       2       0       0       0
      Temps:          1       0       0       0       0
      Totals:         5       2       0       0       0
Total ram usage:        7 bytes
 Hardware stack levels used:    1
 This function calls:
		Nothing
 This function is called by:
		_dameTemperatura
		_dameHoraActual
 This function uses a non-reentrant model


 *************** function ___awdiv *****************
 Defined at:
		line 5 in file "C:\Program Files (x86)\Microchip\xc8\v2.10\pic\sources\c90\common\awdiv.c"
 Parameters:    Size  Location     Type
  divisor         2    0[COMMON] int 
  dividend        2    2[COMMON] int 
 Auto vars:     Size  Location     Type
  quotient        2    7[COMMON] int 
  sign            1    6[COMMON] unsigned char 
  counter         1    5[COMMON] unsigned char 
 Return value:  Size  Location     Type
                  2    0[COMMON] int 
 Registers used:
		wreg, status,2, status,0
 Tracked objects:
		On entry : 
		On exit  : 
		Unchanged: 
 Data sizes:     COMMON   BANK0   BANK1   BANK3   BANK2
      Params:         4       0       0       0       0
      Locals:         4       0       0       0       0
      Temps:          1       0       0       0       0
      Totals:         9       0       0       0       0
Total ram usage:        9 bytes
 Hardware stack levels used:    1
 This function calls:
		Nothing
 This function is called by:
		_dameTemperatura
		_dameHoraActual
 This function uses a non-reentrant model


 *************** function _convertirFormato *****************
 Defined at:
		line 333 in file "main.c"
 Parameters:    Size  Location     Type
		None
 Auto vars:     Size  Location     Type
  numeroEvalua    1    6[COMMON] unsigned char 
 Return value:  Size  Location     Type
                  1    wreg      void 
 Registers used:
		wreg, fsr0l, fsr0h, status,2, status,0, pclath, cstack
 Tracked objects:
		On entry : 
		On exit  : 
		Unchanged: 
 Data sizes:     COMMON   BANK0   BANK1   BANK3   BANK2
      Params:         0       0       0       0       0
      Locals:         1       0       0       0       0
      Temps:          2       0       0       0       0
      Totals:         3       0       0       0       0
Total ram usage:        3 bytes
 Hardware stack levels used:    1
 Hardware stack levels required when called:    1
 This function calls:
		___bmul
 This function is called by:
		_main
 This function uses a non-reentrant model


 *************** function ___bmul *****************
 Defined at:
		line 4 in file "C:\Program Files (x86)\Microchip\xc8\v2.10\pic\sources\c90\common\Umul8.c"
 Parameters:    Size  Location     Type
  multiplier      1    wreg     unsigned char 
  multiplicand    1    0[COMMON] unsigned char 
 Auto vars:     Size  Location     Type
  multiplier      1    3[COMMON] unsigned char 
  product         1    2[COMMON] unsigned char 
 Return value:  Size  Location     Type
                  1    wreg      unsigned char 
 Registers used:
		wreg, status,2, status,0
 Tracked objects:
		On entry : 
		On exit  : 
		Unchanged: 
 Data sizes:     COMMON   BANK0   BANK1   BANK3   BANK2
      Params:         1       0       0       0       0
      Locals:         2       0       0       0       0
      Temps:          1       0       0       0       0
      Totals:         4       0       0       0       0
Total ram usage:        4 bytes
 Hardware stack levels used:    1
 This function calls:
		Nothing
 This function is called by:
		_convertirDato
		_convertirFormato
 This function uses a non-reentrant model


 *************** function _controlBotones *****************
 Defined at:
		line 152 in file "main.c"
 Parameters:    Size  Location     Type
		None
 Auto vars:     Size  Location     Type
		None
 Return value:  Size  Location     Type
                  1    wreg      void 
 Registers used:
		wreg, fsr0l, fsr0h, status,2, status,0, pclath, cstack
 Tracked objects:
		On entry : 
		On exit  : 
		Unchanged: 
 Data sizes:     COMMON   BANK0   BANK1   BANK3   BANK2
      Params:         0       0       0       0       0
      Locals:         0       0       0       0       0
      Temps:          2       0       0       0       0
      Totals:         2       0       0       0       0
Total ram usage:        2 bytes
 Hardware stack levels used:    1
 Hardware stack levels required when called:    4
 This function calls:
		_antiRebote
		_setRtcHora
		_setRtcMinutos
		_validaDecenasMinutos
		_validaHoras
		_validaMinutos
 This function is called by:
		_main
 This function uses a non-reentrant model


 *************** function _validaMinutos *****************
 Defined at:
		line 74 in file "main.c"
 Parameters:    Size  Location     Type
		None
 Auto vars:     Size  Location     Type
		None
 Return value:  Size  Location     Type
                  1    wreg      void 
 Registers used:
		wreg, fsr0l, fsr0h, status,2, status,0
 Tracked objects:
		On entry : 
		On exit  : 
		Unchanged: 
 Data sizes:     COMMON   BANK0   BANK1   BANK3   BANK2
      Params:         0       0       0       0       0
      Locals:         0       0       0       0       0
      Temps:          1       0       0       0       0
      Totals:         1       0       0       0       0
Total ram usage:        1 bytes
 Hardware stack levels used:    1
 This function calls:
		Nothing
 This function is called by:
		_controlBotones
 This function uses a non-reentrant model


 *************** function _validaHoras *****************
 Defined at:
		line 90 in file "main.c"
 Parameters:    Size  Location     Type
		None
 Auto vars:     Size  Location     Type
		None
 Return value:  Size  Location     Type
                  1    wreg      void 
 Registers used:
		wreg, fsr0l, fsr0h, status,2, status,0
 Tracked objects:
		On entry : 
		On exit  : 
		Unchanged: 
 Data sizes:     COMMON   BANK0   BANK1   BANK3   BANK2
      Params:         0       0       0       0       0
      Locals:         0       0       0       0       0
      Temps:          1       0       0       0       0
      Totals:         1       0       0       0       0
Total ram usage:        1 bytes
 Hardware stack levels used:    1
 This function calls:
		Nothing
 This function is called by:
		_controlBotones
 This function uses a non-reentrant model


 *************** function _validaDecenasMinutos *****************
 Defined at:
		line 82 in file "main.c"
 Parameters:    Size  Location     Type
		None
 Auto vars:     Size  Location     Type
		None
 Return value:  Size  Location     Type
                  1    wreg      void 
 Registers used:
		wreg, fsr0l, fsr0h, status,2, status,0
 Tracked objects:
		On entry : 
		On exit  : 
		Unchanged: 
 Data sizes:     COMMON   BANK0   BANK1   BANK3   BANK2
      Params:         0       0       0       0       0
      Locals:         0       0       0       0       0
      Temps:          1       0       0       0       0
      Totals:         1       0       0       0       0
Total ram usage:        1 bytes
 Hardware stack levels used:    1
 This function calls:
		Nothing
 This function is called by:
		_controlBotones
 This function uses a non-reentrant model


 *************** function _setRtcMinutos *****************
 Defined at:
		line 498 in file "main.c"
 Parameters:    Size  Location     Type
		None
 Auto vars:     Size  Location     Type
  minutosRtc      1    5[COMMON] unsigned char 
 Return value:  Size  Location     Type
                  1    wreg      void 
 Registers used:
		wreg, status,2, status,0, pclath, cstack
 Tracked objects:
		On entry : 
		On exit  : 
		Unchanged: 
 Data sizes:     COMMON   BANK0   BANK1   BANK3   BANK2
      Params:         0       0       0       0       0
      Locals:         1       0       0       0       0
      Temps:          2       0       0       0       0
      Totals:         3       0       0       0       0
Total ram usage:        3 bytes
 Hardware stack levels used:    1
 Hardware stack levels required when called:    3
 This function calls:
		_escribe_rtc
 This function is called by:
		_controlBotones
 This function uses a non-reentrant model


 *************** function _setRtcHora *****************
 Defined at:
		line 488 in file "main.c"
 Parameters:    Size  Location     Type
		None
 Auto vars:     Size  Location     Type
  horaRtc         1    5[COMMON] unsigned char 
 Return value:  Size  Location     Type
                  1    wreg      void 
 Registers used:
		wreg, status,2, status,0, pclath, cstack
 Tracked objects:
		On entry : 
		On exit  : 
		Unchanged: 
 Data sizes:     COMMON   BANK0   BANK1   BANK3   BANK2
      Params:         0       0       0       0       0
      Locals:         1       0       0       0       0
      Temps:          2       0       0       0       0
      Totals:         3       0       0       0       0
Total ram usage:        3 bytes
 Hardware stack levels used:    1
 Hardware stack levels required when called:    3
 This function calls:
		_escribe_rtc
 This function is called by:
		_controlBotones
 This function uses a non-reentrant model


 *************** function _escribe_rtc *****************
 Defined at:
		line 2 in file "./RTC.h"
 Parameters:    Size  Location     Type
  direccion       1    wreg     unsigned char 
  dato            1    1[COMMON] unsigned char 
 Auto vars:     Size  Location     Type
  direccion       1    2[COMMON] unsigned char 
 Return value:  Size  Location     Type
                  1    wreg      void 
 Registers used:
		wreg, status,2, status,0, pclath, cstack
 Tracked objects:
		On entry : 
		On exit  : 
		Unchanged: 
 Data sizes:     COMMON   BANK0   BANK1   BANK3   BANK2
      Params:         1       0       0       0       0
      Locals:         1       0       0       0       0
      Temps:          0       0       0       0       0
      Totals:         2       0       0       0       0
Total ram usage:        2 bytes
 Hardware stack levels used:    1
 Hardware stack levels required when called:    2
 This function calls:
		_i2c_detener
		_i2c_envia_dato
		_i2c_inicia_com
 This function is called by:
		_setRtcHora
		_setRtcMinutos
		_setRtcDefault
 This function uses a non-reentrant model


 *************** function _i2c_inicia_com *****************
 Defined at:
		line 28 in file "./I2C.h"
 Parameters:    Size  Location     Type
		None
 Auto vars:     Size  Location     Type
		None
 Return value:  Size  Location     Type
                  1    wreg      void 
 Registers used:
		wreg, status,2, status,0, pclath, cstack
 Tracked objects:
		On entry : 
		On exit  : 
		Unchanged: 
 Data sizes:     COMMON   BANK0   BANK1   BANK3   BANK2
      Params:         0       0       0       0       0
      Locals:         0       0       0       0       0
      Temps:          0       0       0       0       0
      Totals:         0       0       0       0       0
Total ram usage:        0 bytes
 Hardware stack levels used:    1
 Hardware stack levels required when called:    1
 This function calls:
		_i2c_espera
 This function is called by:
		_escribe_rtc
		_leer_rtc
 This function uses a non-reentrant model


 *************** function _i2c_envia_dato *****************
 Defined at:
		line 57 in file "./I2C.h"
 Parameters:    Size  Location     Type
  dato            1    wreg     unsigned char 
 Auto vars:     Size  Location     Type
  dato            1    0[COMMON] unsigned char 
 Return value:  Size  Location     Type
                  1    wreg      unsigned char 
 Registers used:
		wreg, status,2, status,0, pclath, cstack
 Tracked objects:
		On entry : 
		On exit  : 
		Unchanged: 
 Data sizes:     COMMON   BANK0   BANK1   BANK3   BANK2
      Params:         0       0       0       0       0
      Locals:         1       0       0       0       0
      Temps:          0       0       0       0       0
      Totals:         1       0       0       0       0
Total ram usage:        1 bytes
 Hardware stack levels used:    1
 Hardware stack levels required when called:    1
 This function calls:
		_i2c_espera
 This function is called by:
		_escribe_rtc
		_leer_rtc
 This function uses a non-reentrant model


 *************** function _i2c_detener *****************
 Defined at:
		line 46 in file "./I2C.h"
 Parameters:    Size  Location     Type
		None
 Auto vars:     Size  Location     Type
		None
 Return value:  Size  Location     Type
                  1    wreg      void 
 Registers used:
		wreg, status,2, status,0, pclath, cstack
 Tracked objects:
		On entry : 
		On exit  : 
		Unchanged: 
 Data sizes:     COMMON   BANK0   BANK1   BANK3   BANK2
      Params:         0       0       0       0       0
      Locals:         0       0       0       0       0
      Temps:          0       0       0       0       0
      Totals:         0       0       0       0       0
Total ram usage:        0 bytes
 Hardware stack levels used:    1
 Hardware stack levels required when called:    1
 This function calls:
		_i2c_espera
 This function is called by:
		_escribe_rtc
		_leer_rtc
 This function uses a non-reentrant model


 *************** function _i2c_espera *****************
 Defined at:
		line 20 in file "./I2C.h"
 Parameters:    Size  Location     Type
		None
 Auto vars:     Size  Location     Type
		None
 Return value:  Size  Location     Type
                  1    wreg      void 
 Registers used:
		wreg, status,2
 Tracked objects:
		On entry : 
		On exit  : 
		Unchanged: 
 Data sizes:     COMMON   BANK0   BANK1   BANK3   BANK2
      Params:         0       0       0       0       0
      Locals:         0       0       0       0       0
      Temps:          0       0       0       0       0
      Totals:         0       0       0       0       0
Total ram usage:        0 bytes
 Hardware stack levels used:    1
 This function calls:
		Nothing
 This function is called by:
		_i2c_inicia_com
		_i2c_reinicia_com
		_i2c_detener
		_i2c_envia_dato
		_i2c_recibe_dato
 This function uses a non-reentrant model


 *************** function _antiRebote *****************
 Defined at:
		line 47 in file "main.c"
 Parameters:    Size  Location     Type
  pin             2    0[COMMON] unsigned int 
 Auto vars:     Size  Location     Type
		None
 Return value:  Size  Location     Type
                  1    wreg      void 
 Registers used:
		wreg, fsr0l, fsr0h, status,2, status,0
 Tracked objects:
		On entry : 
		On exit  : 
		Unchanged: 
 Data sizes:     COMMON   BANK0   BANK1   BANK3   BANK2
      Params:         2       0       0       0       0
      Locals:         0       0       0       0       0
      Temps:          2       0       0       0       0
      Totals:         4       0       0       0       0
Total ram usage:        4 bytes
 Hardware stack levels used:    1
 This function calls:
		Nothing
 This function is called by:
		_dameTemperatura
		_controlBotones
		_main
 This function uses a non-reentrant model



MODULE INFORMATION

Module		Function		Class		Link	Load	Size
C:\Program Files (x86)\Microchip\xc8\v2.10\pic\sources\c90\common\awdiv.c
		___awdiv       		CODE           	0317	0000	104

C:\Program Files (x86)\Microchip\xc8\v2.10\pic\sources\c90\common\awdiv.c estimated size: 104

C:\Program Files (x86)\Microchip\xc8\v2.10\pic\sources\c90\common\Umul8.c
		___bmul        		CODE           	00D8	0000	22

C:\Program Files (x86)\Microchip\xc8\v2.10\pic\sources\c90\common\Umul8.c estimated size: 22

./RTC.h
		_leer_rtc      		CODE           	01EF	0000	45
		_convertirDato 		CODE           	01A3	0000	34
		_escribe_rtc   		CODE           	0127	0000	31

./RTC.h estimated size: 110

shared
		__initialization		CODE           	07E3	0000	26

shared estimated size: 26

C:\Program Files (x86)\Microchip\xc8\v2.10\pic\sources\c90\common\awmod.c
		___awmod       		CODE           	0257	0000	92

C:\Program Files (x86)\Microchip\xc8\v2.10\pic\sources\c90\common\awmod.c estimated size: 92

./I2C.h
		_i2c_inicia_com		CODE           	007D	0000	10
		_i2c_envia_dato		CODE           	008F	0000	12
		_i2c_reinicia_com		CODE           	0086	0000	10
		_i2c_detener   		CODE           	0074	0000	10
		_i2c_espera    		CODE           	00A6	0000	14
		_i2c_recibe_dato		CODE           	0145	0000	31
		_i2c_iniciar   		CODE           	00B3	0000	19

./I2C.h estimated size: 106

main.c
		_setRtcHora    		CODE           	0163	0000	33
		_validaHoras   		CODE           	037E	0000	122
		_mostrarDigitos		CODE           	02B2	0000	102
		_verificaAmPm  		CODE           	01C4	0000	44
		_main          		CODE           	0671	0000	182
		_dameTemperatura		CODE           	05BD	0000	181
		_controlBotones		CODE           	0726	0000	190
		_setRtcMinutos 		CODE           	0183	0000	33
		_parpadearDigitos		CODE           	03F7	0000	134
		_antiRebote    		CODE           	021B	0000	61
		_validaMinutos 		CODE           	010A	0000	30
		_dameHoraActual		CODE           	047C	0000	148
		_convertirFormato		CODE           	050F	0000	175
		_validaDecenasMinutos		CODE           	00ED	0000	30

main.c estimated size: 1465

